Component: ARM Compiler 5.06 update 5 (build 528) Tool: armlink [4d35e2]

==============================================================================

Section Cross References

    main.o(i.main) refers to sysclock.o(i.System_Clock_Init) for System_Clock_Init
    main.o(i.main) refers to system_stm32f3xx.o(i.SystemCoreClockUpdate) for SystemCoreClockUpdate
    main.o(i.main) refers to virtualport.o(i.virtualPortInit) for virtualPortInit
    main.o(i.main) refers to limit.o(i.limit_Init) for limit_Init
    main.o(i.main) refers to stepper.o(i.stepper_Init) for stepper_Init
    main.o(i.main) refers to servo.o(i.servo_Init) for servo_Init
    main.o(i.main) refers to heartbeat.o(i.Heartbeat_Init) for Heartbeat_Init
    main.o(i.main) refers to led.o(i.LED_Init) for LED_Init
    main.o(i.main) refers to virtualport.o(i.vportMenuPrint) for vportMenuPrint
    main.o(i.main) refers to virtualport.o(i.clearInput) for clearInput
    main.o(i.main) refers to servo.o(i.getServoPos) for getServoPos
    main.o(i.main) refers to virtualport.o(i.vportPrintf) for vportPrintf
    main.o(i.main) refers to servo.o(i.servoSet) for servoSet
    main.o(i.main) refers to stepper.o(i.getStep) for getStep
    main.o(i.main) refers to virtualport.o(.bss) for vportInput
    main.o(i.main) refers to virtualport.o(.data) for vportOffset
    main.o(i.main) refers to heartbeat.o(.data) for ledFlag
    main.o(i.main) refers to stepper.o(.data) for stepCount_step
    startup_stm32f303xe.o(STACK) refers (Special) to heapauxi.o(.text) for __use_two_region_memory
    startup_stm32f303xe.o(HEAP) refers (Special) to heapauxi.o(.text) for __use_two_region_memory
    startup_stm32f303xe.o(RESET) refers (Special) to heapauxi.o(.text) for __use_two_region_memory
    startup_stm32f303xe.o(RESET) refers to startup_stm32f303xe.o(STACK) for __initial_sp
    startup_stm32f303xe.o(RESET) refers to startup_stm32f303xe.o(.text) for Reset_Handler
    startup_stm32f303xe.o(RESET) refers to limit.o(i.EXTI9_5_IRQHandler) for EXTI9_5_IRQHandler
    startup_stm32f303xe.o(RESET) refers to heartbeat.o(i.TIM2_IRQHandler) for TIM2_IRQHandler
    startup_stm32f303xe.o(RESET) refers to stepper.o(i.TIM3_IRQHandler) for TIM3_IRQHandler
    startup_stm32f303xe.o(RESET) refers to virtualport.o(i.USART2_IRQHandler) for USART2_IRQHandler
    startup_stm32f303xe.o(.text) refers (Special) to heapauxi.o(.text) for __use_two_region_memory
    startup_stm32f303xe.o(.text) refers to system_stm32f3xx.o(i.SystemInit) for SystemInit
    startup_stm32f303xe.o(.text) refers to __main.o(!!!main) for __main
    startup_stm32f303xe.o(.text) refers to startup_stm32f303xe.o(HEAP) for Heap_Mem
    startup_stm32f303xe.o(.text) refers to startup_stm32f303xe.o(STACK) for Stack_Mem
    usart.o(i.usartInit) refers to system_stm32f3xx.o(.data) for SystemCoreClock
    virtualport.o(i.USART2_IRQHandler) refers to virtualport.o(.data) for vportOffset
    virtualport.o(i.USART2_IRQHandler) refers to virtualport.o(.bss) for vportInput
    virtualport.o(i.clearInput) refers to virtualport.o(.data) for rxFlag
    virtualport.o(i.clearInput) refers to virtualport.o(.bss) for vportInput
    virtualport.o(i.virtualPortInit) refers to gpio.o(i.GPIO_clock_enable) for GPIO_clock_enable
    virtualport.o(i.virtualPortInit) refers to usart.o(i.usartInit) for usartInit
    virtualport.o(i.vportMenuPrint) refers to virtualport.o(i.vportPrintf) for vportPrintf
    virtualport.o(i.vportMenuPrint) refers to gpio.o(i.Delay_ms) for Delay_ms
    virtualport.o(i.vportPrintf) refers to vsnprintf.o(.text) for vsnprintf
    virtualport.o(i.vportPrintf) refers to virtualport.o(i.vportPuts) for vportPuts
    virtualport.o(i.vportPuts) refers to virtualport.o(i.vportPutc) for vportPutc
    system_stm32f3xx.o(i.SystemCoreClockUpdate) refers to system_stm32f3xx.o(.data) for SystemCoreClock
    system_stm32f3xx.o(i.SystemCoreClockUpdate) refers to system_stm32f3xx.o(.constdata) for AHBPrescTable
    heartbeat.o(i.TIM2_IRQHandler) refers to virtualport.o(i.vportPrintf) for vportPrintf
    heartbeat.o(i.TIM2_IRQHandler) refers to led.o(i.LED_Toggle) for LED_Toggle
    heartbeat.o(i.TIM2_IRQHandler) refers to heartbeat.o(.data) for pingFlag
    stepper.o(i.TIM3_IRQHandler) refers to stepper.o(.data) for stepCurPos_step
    stepper.o(i.TIM3_IRQHandler) refers to stepper.o(.constdata) for halfStep
    stepper.o(i.getStep) refers to stepper.o(.data) for stepCurPos_step
    stepper.o(i.stepHome) refers to stepper.o(.data) for stepCurPos_step
    stepper.o(i.stepHome) refers to stepper.o(.constdata) for halfStep
    stepper.o(i.stepHome) refers to limit.o(.data) for leftLimitFlag
    stepper.o(i.stepper_Init) refers to gpio.o(i.GPIO_clock_enable) for GPIO_clock_enable
    stepper.o(i.stepper_Init) refers to stepper.o(i.step_clock_Init) for step_clock_Init
    limit.o(i.EXTI9_5_IRQHandler) refers to stepper.o(i.stepHome) for stepHome
    limit.o(i.EXTI9_5_IRQHandler) refers to limit.o(.data) for leftLimitFlag
[...]
    ../clib/printf.c                         0x00000000   Number         0  _printf_fp_infnan.o ABSOLUTE
    ../clib/printf.c                         0x00000000   Number         0  _printf_wchar.o ABSOLUTE
    ../clib/printf.c                         0x00000000   Number         0  _printf_char.o ABSOLUTE
    ../clib/printf.c                         0x00000000   Number         0  __printf_nopercent.o ABSOLUTE
    ../clib/printf.c                         0x00000000   Number         0  _printf_fp_hex.o ABSOLUTE
    ../clib/printf.c                         0x00000000   Number         0  _printf_intcommon.o ABSOLUTE
    ../clib/printf.c                         0x00000000   Number         0  _printf_charcount.o ABSOLUTE
    ../clib/printf.c                         0x00000000   Number         0  vsnprintf.o ABSOLUTE
    ../clib/printf.c                         0x00000000   Number         0  __printf.o ABSOLUTE
    ../clib/printf.c                         0x00000000   Number         0  _printf_pad.o ABSOLUTE
    ../clib/printf.c                         0x00000000   Number         0  _printf_truncate.o ABSOLUTE
    ../clib/printf.c                         0x00000000   Number         0  _printf_str.o ABSOLUTE
    ../clib/printf.c                         0x00000000   Number         0  _printf_dec.o ABSOLUTE
    ../clib/printf.c                         0x00000000   Number         0  __printf_flags_ss_wp.o ABSOLUTE
    ../clib/printf.c                         0x00000000   Number         0  _printf_char_common.o ABSOLUTE
    ../clib/printf.c                         0x00000000   Number         0  __printf_ss_wp.o ABSOLUTE
    ../clib/printf.c                         0x00000000   Number         0  __printf_flags_wp.o ABSOLUTE
    ../clib/printf.c                         0x00000000   Number         0  _sputc.o ABSOLUTE
    ../clib/printf.c                         0x00000000   Number         0  _snputc.o ABSOLUTE
    ../clib/printf.c                         0x00000000   Number         0  __printf_wp.o ABSOLUTE
    ../clib/printf.c                         0x00000000   Number         0  _printf_wctomb.o ABSOLUTE
    ../clib/printf.c                         0x00000000   Number         0  __printf_flags_ss.o ABSOLUTE
    ../clib/printf_percent.s                 0x00000000   Number         0  _printf_lld.o ABSOLUTE
    ../clib/printf_percent.s                 0x00000000   Number         0  _printf_o.o ABSOLUTE
    ../clib/printf_percent.s                 0x00000000   Number         0  _printf_lc.o ABSOLUTE
    ../clib/printf_percent.s                 0x00000000   Number         0  _printf_p.o ABSOLUTE
    ../clib/printf_percent.s                 0x00000000   Number         0  _printf_llu.o ABSOLUTE
    ../clib/printf_percent.s                 0x00000000   Number         0  _printf_i.o ABSOLUTE
    ../clib/printf_percent.s                 0x00000000   Number         0  _printf_ls.o ABSOLUTE
    ../clib/printf_percent.s                 0x00000000   Number         0  _printf_x.o ABSOLUTE
    ../clib/printf_percent.s                 0x00000000   Number         0  _printf_n.o ABSOLUTE
    ../clib/printf_percent.s                 0x00000000   Number         0  _printf_ll.o ABSOLUTE
    ../clib/printf_percent.s                 0x00000000   Number         0  _printf_lli.o ABSOLUTE
    ../clib/printf_percent.s                 0x00000000   Number         0  _printf_s.o ABSOLUTE
    ../clib/printf_percent.s                 0x00000000   Number         0  _printf_percent_end.o ABSOLUTE
    ../clib/printf_percent.s                 0x00000000   Number         0  _printf_a.o ABSOLUTE
    ../clib/printf_percent.s                 0x00000000   Number         0  _printf_llo.o ABSOLUTE
    ../clib/printf_percent.s                 0x00000000   Number         0  _printf_percent.o ABSOLUTE
    ../clib/printf_percent.s                 0x00000000   Number         0  _printf_g.o ABSOLUTE
    ../clib/printf_percent.s                 0x00000000   Number         0  _printf_e.o ABSOLUTE
    ../clib/printf_percent.s                 0x00000000   Number         0  _printf_f.o ABSOLUTE
    ../clib/printf_percent.s                 0x00000000   Number         0  _printf_u.o ABSOLUTE
    ../clib/printf_percent.s                 0x00000000   Number         0  _printf_d.o ABSOLUTE
    ../clib/printf_percent.s                 0x00000000   Number         0  _printf_llx.o ABSOLUTE
    ../clib/printf_percent.s                 0x00000000   Number         0  _printf_l.o ABSOLUTE
    ../clib/printf_percent.s                 0x00000000   Number         0  _printf_c.o ABSOLUTE
    ../clib/signal.c                         0x00000000   Number         0  defsig_segv_inner.o ABSOLUTE
    ../clib/signal.c                         0x00000000   Number         0  defsig_cppl_inner.o ABSOLUTE
    ../clib/signal.c                         0x00000000   Number         0  defsig_pvfn_inner.o ABSOLUTE
    ../clib/signal.c                         0x00000000   Number         0  defsig_stak_inner.o ABSOLUTE
    ../clib/signal.c                         0x00000000   Number         0  defsig_rtred_inner.o ABSOLUTE
    ../clib/signal.c                         0x00000000   Number         0  defsig_abrt_inner.o ABSOLUTE
    ../clib/signal.c                         0x00000000   Number         0  defsig_general.o ABSOLUTE
    ../clib/signal.c                         0x00000000   Number         0  __raise.o ABSOLUTE
    ../clib/signal.c                         0x00000000   Number         0  defsig_rtmem_inner.o ABSOLUTE
    ../clib/signal.c                         0x00000000   Number         0  defsig_exit.o ABSOLUTE
    ../clib/signal.c                         0x00000000   Number         0  defsig_rtmem_formal.o ABSOLUTE
    ../clib/signal.c                         0x00000000   Number         0  defsig_fpe_inner.o ABSOLUTE
    ../clib/signal.c                         0x00000000   Number         0  defsig_other.o ABSOLUTE
    ../clib/signal.c                         0x00000000   Number         0  defsig_rtmem_outer.o ABSOLUTE
    ../clib/signal.s                         0x00000000   Number         0  defsig.o ABSOLUTE
    ../clib/stdlib.c                         0x00000000   Number         0  exit.o ABSOLUTE
    ../fplib/fpinit.s                        0x00000000   Number         0  fpinit.o ABSOLUTE
    ../fplib/istatus.s                       0x00000000   Number         0  istatus.o ABSOLUTE
    ../fplib/printf1.s                       0x00000000   Number         0  printf1.o ABSOLUTE
    ../fplib/printf2.s                       0x00000000   Number         0  printf2.o ABSOLUTE
    ../fplib/printf2a.s                      0x00000000   Number         0  printf2a.o ABSOLUTE
    ../fplib/printf2b.s                      0x00000000   Number         0  printf2b.o ABSOLUTE
    ../fplib/usenofp.s                       0x00000000   Number         0  usenofp.o ABSOLUTE
    ../mathlib/fpclassify.c                  0x00000000   Number         0  fpclassify.o ABSOLUTE
    GPIO.c                                   0x00000000   Number         0  gpio.o ABSOLUTE
    GPIO.c                                   0x00000000   Number         0  gpio.o ABSOLUTE
    Heartbeat.c                              0x00000000   Number         0  heartbeat.o ABSOLUTE
    Heartbeat.c                              0x00000000   Number         0  heartbeat.o ABSOLUTE
    LED.c                                    0x00000000   Number         0  led.o ABSOLUTE
    LED.c                                    0x00000000   Number         0  led.o ABSOLUTE
    SysClock.c                               0x00000000   Number         0  sysclock.o ABSOLUTE
    SysClock.c                               0x00000000   Number         0  sysclock.o ABSOLUTE
    USART.c                                  0x00000000   Number         0  usart.o ABSOLUTE
    USART.c                                  0x00000000   Number         0  usart.o ABSOLUTE
    dc.s                                     0x00000000   Number         0  dc.o ABSOLUTE
    limit.c                                  0x00000000   Number         0  limit.o ABSOLUTE
    limit.c                                  0x00000000   Number         0  limit.o ABSOLUTE
    main.c                                   0x00000000   Number         0  main.o ABSOLUTE
    main.c                                   0x00000000   Number         0  main.o ABSOLUTE
    servo.c                                  0x00000000   Number         0  servo.o ABSOLUTE
    servo.c                                  0x00000000   Number         0  servo.o ABSOLUTE
    startup_stm32f303xe.s                    0x00000000   Number         0  startup_stm32f303xe.o ABSOLUTE
    stepper.c                                0x00000000   Number         0  stepper.o ABSOLUTE
    stepper.c                                0x00000000   Number         0  stepper.o ABSOLUTE
    system_stm32f3xx.c                       0x00000000   Number         0  system_stm32f3xx.o ABSOLUTE
    system_stm32f3xx.c                       0x00000000   Number         0  system_stm32f3xx.o ABSOLUTE
    virtualPort.c                            0x00000000   Number         0  virtualport.o ABSOLUTE
    virtualPort.c                            0x00000000   Number         0  virtualport.o ABSOLUTE
    RESET                                    0x08000000   Section      404  startup_stm32f303xe.o(RESET)
    !!!main                                  0x08000194   Section        8  __main.o(!!!main)
    !!!scatter                               0x0800019c   Section       52  __scatter.o(!!!scatter)
    !!handler_copy                           0x080001d0   Section       26  __scatter_copy.o(!!handler_copy)
    !!handler_zi                             0x080001ec   Section       28  __scatter_zi.o(!!handler_zi)
    .ARM.Collect$$_printf_percent$$00000000  0x08000208   Section        0  _printf_percent.o(.ARM.Collect$$_printf_percent$$00000000)
    .ARM.Collect$$_printf_percent$$00000001  0x08000208   Section        6  _printf_n.o(.ARM.Collect$$_printf_percent$$00000001)
    .ARM.Collect$$_printf_percent$$00000002  0x0800020e   Section        6  _printf_p.o(.ARM.Collect$$_printf_percent$$00000002)
    .ARM.Collect$$_printf_percent$$00000003  0x08000214   Section        6  _printf_f.o(.ARM.Collect$$_printf_percent$$00000003)
    .ARM.Collect$$_printf_percent$$00000004  0x0800021a   Section        6  _printf_e.o(.ARM.Collect$$_printf_percent$$00000004)
    .ARM.Collect$$_printf_percent$$00000005  0x08000220   Section        6  _printf_g.o(.ARM.Collect$$_printf_percent$$00000005)
    .ARM.Collect$$_printf_percent$$00000006  0x08000226   Section        6  _printf_a.o(.ARM.Collect$$_printf_percent$$00000006)
    .ARM.Collect$$_printf_percent$$00000007  0x0800022c   Section       10  _printf_ll.o(.ARM.Collect$$_printf_percent$$00000007)
    .ARM.Collect$$_printf_percent$$00000008  0x08000236   Section        6  _printf_i.o(.ARM.Collect$$_printf_percent$$00000008)
    .ARM.Collect$$_printf_percent$$00000009  0x0800023c   Section        6  _printf_d.o(.ARM.Collect$$_printf_percent$$00000009)
    .ARM.Collect$$_printf_percent$$0000000A  0x08000242   Section        6  _printf_u.o(.ARM.Collect$$_printf_percent$$0000000A)
    .ARM.Collect$$_printf_percent$$0000000B  0x08000248   Section        6  _printf_o.o(.ARM.Collect$$_printf_percent$$0000000B)
    .ARM.Collect$$_printf_percent$$0000000C  0x0800024e   Section        6  _printf_x.o(.ARM.Collect$$_printf_percent$$0000000C)
    .ARM.Collect$$_printf_percent$$0000000D  0x08000254   Section        6  _printf_lli.o(.ARM.Collect$$_printf_percent$$0000000D)
    .ARM.Collect$$_printf_percent$$0000000E  0x0800025a   Section        6  _printf_lld.o(.ARM.Collect$$_printf_percent$$0000000E)
    .ARM.Collect$$_printf_percent$$0000000F  0x08000260   Section        6  _printf_llu.o(.ARM.Collect$$_printf_percent$$0000000F)
    .ARM.Collect$$_printf_percent$$00000010  0x08000266   Section        6  _printf_llo.o(.ARM.Collect$$_printf_percent$$00000010)
    .ARM.Collect$$_printf_percent$$00000011  0x0800026c   Section        6  _printf_llx.o(.ARM.Collect$$_printf_percent$$00000011)
    .ARM.Collect$$_printf_percent$$00000012  0x08000272   Section       10  _printf_l.o(.ARM.Collect$$_printf_percent$$00000012)
    .ARM.Collect$$_printf_percent$$00000013  0x0800027c   Section        6  _printf_c.o(.ARM.Collect$$_printf_percent$$00000013)
    .ARM.Collect$$_printf_percent$$00000014  0x08000282   Section        6  _printf_s.o(.ARM.Collect$$_printf_percent$$00000014)
    .ARM.Collect$$_printf_percent$$00000015  0x08000288   Section        6  _printf_lc.o(.ARM.Collect$$_printf_percent$$00000015)
    .ARM.Collect$$_printf_percent$$00000016  0x0800028e   Section        6  _printf_ls.o(.ARM.Collect$$_printf_percent$$00000016)
    .ARM.Collect$$_printf_percent$$00000017  0x08000294   Section        4  _printf_percent_end.o(.ARM.Collect$$_printf_percent$$00000017)
    .ARM.Collect$$libinit$$00000000          0x08000298   Section        2  libinit.o(.ARM.Collect$$libinit$$00000000)
    .ARM.Collect$$libinit$$00000001          0x0800029a   Section        4  libinit2.o(.ARM.Collect$$libinit$$00000001)
    .ARM.Collect$$libinit$$00000004          0x0800029e   Section        0  libinit2.o(.ARM.Collect$$libinit$$00000004)
    .ARM.Collect$$libinit$$0000000A          0x0800029e   Section        0  libinit2.o(.ARM.Collect$$libinit$$0000000A)
    .ARM.Collect$$libinit$$0000000C          0x0800029e   Section        0  libinit2.o(.ARM.Collect$$libinit$$0000000C)
    .ARM.Collect$$libinit$$0000000E          0x0800029e   Section        0  libinit2.o(.ARM.Collect$$libinit$$0000000E)
    .ARM.Collect$$libinit$$0000000F          0x0800029e   Section        6  libinit2.o(.ARM.Collect$$libinit$$0000000F)
    .ARM.Collect$$libinit$$00000011          0x080002a4   Section        0  libinit2.o(.ARM.Collect$$libinit$$00000011)
    .ARM.Collect$$libinit$$00000012          0x080002a4   Section       12  libinit2.o(.ARM.Collect$$libinit$$00000012)
    .ARM.Collect$$libinit$$00000013          0x080002b0   Section        0  libinit2.o(.ARM.Collect$$libinit$$00000013)
    .ARM.Collect$$libinit$$00000015          0x080002b0   Section        0  libinit2.o(.ARM.Collect$$libinit$$00000015)
    .ARM.Collect$$libinit$$00000016          0x080002b0   Section       10  libinit2.o(.ARM.Collect$$libinit$$00000016)
    .ARM.Collect$$libinit$$00000017          0x080002ba   Section        0  libinit2.o(.ARM.Collect$$libinit$$00000017)
    .ARM.Collect$$libinit$$00000019          0x080002ba   Section        0  libinit2.o(.ARM.Collect$$libinit$$00000019)
    .ARM.Collect$$libinit$$0000001B          0x080002ba   Section        0  libinit2.o(.ARM.Collect$$libinit$$0000001B)
    .ARM.Collect$$libinit$$0000001D          0x080002ba   Section        0  libinit2.o(.ARM.Collect$$libinit$$0000001D)
    .ARM.Collect$$libinit$$0000001F          0x080002ba   Section        0  libinit2.o(.ARM.Collect$$libinit$$0000001F)
    .ARM.Collect$$libinit$$00000021          0x080002ba   Section        0  libinit2.o(.ARM.Collect$$libinit$$00000021)
    .ARM.Collect$$libinit$$00000023          0x080002ba   Section        0  libinit2.o(.ARM.Collect$$libinit$$00000023)
    .ARM.Collect$$libinit$$00000025          0x080002ba   Section        0  libinit2.o(.ARM.Collect$$libinit$$00000025)
    .ARM.Collect$$libinit$$0000002C          0x080002ba   Section        0  libinit2.o(.ARM.Collect$$libinit$$0000002C)
    .ARM.Collect$$libinit$$0000002E          0x080002ba   Section        0  libinit2.o(.ARM.Collect$$libinit$$0000002E)
    .ARM.Collect$$libinit$$00000030          0x080002ba   Section        0  libinit2.o(.ARM.Collect$$libinit$$00000030)
    .ARM.Collect$$libinit$$00000032          0x080002ba   Section        0  libinit2.o(.ARM.Collect$$libinit$$00000032)
    .ARM.Collect$$libinit$$00000033          0x080002ba   Section        2  libinit2.o(.ARM.Collect$$libinit$$00000033)
    .ARM.Collect$$libshutdown$$00000000      0x080002bc   Section        2  libshutdown.o(.ARM.Collect$$libshutdown$$00000000)
    .ARM.Collect$$libshutdown$$00000002      0x080002be   Section        0  libshutdown2.o(.ARM.Collect$$libshutdown$$00000002)
    .ARM.Collect$$libshutdown$$00000004      0x080002be   Section        0  libshutdown2.o(.ARM.Collect$$libshutdown$$00000004)
    .ARM.Collect$$libshutdown$$00000007      0x080002be   Section        0  libshutdown2.o(.ARM.Collect$$libshutdown$$00000007)
    .ARM.Collect$$libshutdown$$0000000A      0x080002be   Section        0  libshutdown2.o(.ARM.Collect$$libshutdown$$0000000A)
    .ARM.Collect$$libshutdown$$0000000C      0x080002be   Section        0  libshutdown2.o(.ARM.Collect$$libshutdown$$0000000C)
    .ARM.Collect$$libshutdown$$0000000F      0x080002be   Section        0  libshutdown2.o(.ARM.Collect$$libshutdown$$0000000F)
    .ARM.Collect$$libshutdown$$00000010      0x080002be   Section        2  libshutdown2.o(.ARM.Collect$$libshutdown$$00000010)
    .ARM.Collect$$rtentry$$00000000          0x080002c0   Section        0  __rtentry.o(.ARM.Collect$$rtentry$$00000000)
    .ARM.Collect$$rtentry$$00000002          0x080002c0   Section        0  __rtentry2.o(.ARM.Collect$$rtentry$$00000002)
    .ARM.Collect$$rtentry$$00000004          0x080002c0   Section        6  __rtentry4.o(.ARM.Collect$$rtentry$$00000004)
    .ARM.Collect$$rtentry$$00000009          0x080002c6   Section        0  __rtentry2.o(.ARM.Collect$$rtentry$$00000009)
    .ARM.Collect$$rtentry$$0000000A          0x080002c6   Section        4  __rtentry2.o(.ARM.Collect$$rtentry$$0000000A)
    .ARM.Collect$$rtentry$$0000000C          0x080002ca   Section        0  __rtentry2.o(.ARM.Collect$$rtentry$$0000000C)
    .ARM.Collect$$rtentry$$0000000D          0x080002ca   Section        8  __rtentry2.o(.ARM.Collect$$rtentry$$0000000D)
    .ARM.Collect$$rtexit$$00000000           0x080002d2   Section        2  rtexit.o(.ARM.Collect$$rtexit$$00000000)
    .ARM.Collect$$rtexit$$00000002           0x080002d4   Section        0  rtexit2.o(.ARM.Collect$$rtexit$$00000002)
    .ARM.Collect$$rtexit$$00000003           0x080002d4   Section        4  rtexit2.o(.ARM.Collect$$rtexit$$00000003)
    .ARM.Collect$$rtexit$$00000004           0x080002d8   Section        6  rtexit2.o(.ARM.Collect$$rtexit$$00000004)
    .text                                    0x080002e0   Section       64  startup_stm32f303xe.o(.text)
    $v0                                      0x080002e0   Number         0  startup_stm32f303xe.o(.text)
    .text                                    0x08000320   Section        0  vsnprintf.o(.text)
    .text                                    0x08000354   Section        0  heapauxi.o(.text)
    .text                                    0x0800035a   Section        0  _printf_pad.o(.text)
    .text                                    0x080003a8   Section        0  _printf_truncate.o(.text)
    .text                                    0x080003cc   Section        0  _printf_str.o(.text)
    .text                                    0x08000420   Section        0  _printf_dec.o(.text)
    .text                                    0x08000498   Section        0  _printf_charcount.o(.text)
    .text                                    0x080004c0   Section        0  _printf_char_common.o(.text)
    _printf_input_char                       0x080004c1   Thumb Code    10  _printf_char_common.o(.text)
    .text                                    0x080004f0   Section        0  _sputc.o(.text)
    .text                                    0x080004fa   Section        0  _snputc.o(.text)
    .text                                    0x0800050c   Section        0  _printf_wctomb.o(.text)
    .text                                    0x080005c8   Section        0  _printf_longlong_dec.o(.text)
    .text                                    0x08000644   Section        0  _printf_oct_int_ll.o(.text)
    _printf_longlong_oct_internal            0x08000645   Thumb Code     0  _printf_oct_int_ll.o(.text)
    .text                                    0x080006b4   Section        0  _printf_hex_int_ll_ptr.o(.text)
    _printf_hex_common                       0x080006b5   Thumb Code     0  _printf_hex_int_ll_ptr.o(.text)
    .text                                    0x08000748   Section        0  __printf_flags_ss_wp.o(.text)
    .text                                    0x080008d0   Section      138  lludiv10.o(.text)
    .text                                    0x0800095a   Section        0  _printf_intcommon.o(.text)
    .text                                    0x08000a0c   Section        0  _printf_fp_dec.o(.text)
    _fp_digits                               0x08000a0f   Thumb Code   432  _printf_fp_dec.o(.text)
    .text                                    0x08000e2c   Section        0  _printf_fp_hex.o(.text)
    .text                                    0x08001128   Section        0  _printf_char.o(.text)
    .text                                    0x08001154   Section        0  _printf_wchar.o(.text)
    .text                                    0x08001180   Section        0  _wcrtomb.o(.text)
    .text                                    0x080011c0   Section       74  sys_stackheap_outer.o(.text)
    .text                                    0x0800120c   Section       16  rt_ctype_table.o(.text)
    .text                                    0x0800121c   Section        8  rt_locale_intlibspace.o(.text)
    .text                                    0x08001224   Section        0  _printf_fp_infnan.o(.text)
    .text                                    0x080012a4   Section        0  bigflt0.o(.text)
    .text                                    0x08001388   Section        0  exit.o(.text)
    .text                                    0x0800139c   Section        8  libspace.o(.text)
    .text                                    0x080013a4   Section      128  strcmpv7m.o(.text)
    .text                                    0x08001424   Section        0  sys_exit.o(.text)
    .text                                    0x08001430   Section        2  use_no_semi.o(.text)
    .text                                    0x08001432   Section        0  indicate_semi.o(.text)
    CL$$btod_d2e                             0x08001432   Section       62  btod.o(CL$$btod_d2e)
    CL$$btod_d2e_denorm_low                  0x08001470   Section       70  btod.o(CL$$btod_d2e_denorm_low)
    CL$$btod_d2e_norm_op1                    0x080014b6   Section       96  btod.o(CL$$btod_d2e_norm_op1)
    CL$$btod_div_common                      0x08001516   Section      824  btod.o(CL$$btod_div_common)
    CL$$btod_e2e                             0x0800184e   Section      220  btod.o(CL$$btod_e2e)
    CL$$btod_ediv                            0x0800192a   Section       42  btod.o(CL$$btod_ediv)
    CL$$btod_emul                            0x08001954   Section       42  btod.o(CL$$btod_emul)
    CL$$btod_mult_common                     0x0800197e   Section      580  btod.o(CL$$btod_mult_common)
    i.Delay_ms                               0x08001bc4   Section        0  gpio.o(i.Delay_ms)
    i.EXTI9_5_IRQHandler                     0x08001c14   Section        0  limit.o(i.EXTI9_5_IRQHandler)
    i.GPIO_clock_enable                      0x08001c78   Section        0  gpio.o(i.GPIO_clock_enable)
    i.Heartbeat_Init                         0x08001c8c   Section        0  heartbeat.o(i.Heartbeat_Init)
    i.LED_Init                               0x08001d00   Section        0  led.o(i.LED_Init)
    i.LED_Toggle                             0x08001d44   Section        0  led.o(i.LED_Toggle)
    i.SystemCoreClockUpdate                  0x08001d58   Section        0  system_stm32f3xx.o(i.SystemCoreClockUpdate)
    i.SystemInit                             0x08001dfc   Section        0  system_stm32f3xx.o(i.SystemInit)
    i.System_Clock_Init                      0x08001e78   Section        0  sysclock.o(i.System_Clock_Init)
    i.TIM2_IRQHandler                        0x08001f64   Section        0  heartbeat.o(i.TIM2_IRQHandler)
    i.TIM3_IRQHandler                        0x08001fb8   Section        0  stepper.o(i.TIM3_IRQHandler)
    i.USART2_IRQHandler                      0x08002064   Section        0  virtualport.o(i.USART2_IRQHandler)
    i.__ARM_fpclassify                       0x080020b8   Section        0  fpclassify.o(i.__ARM_fpclassify)
    i._is_digit                              0x080020e8   Section        0  __printf_wp.o(i._is_digit)
    i.clearInput                             0x080020f8   Section        0  virtualport.o(i.clearInput)
    i.getServoPos                            0x0800211c   Section        0  servo.o(i.getServoPos)
    i.getStep                                0x08002128   Section        0  stepper.o(i.getStep)
    i.limit_Init                             0x08002144   Section        0  limit.o(i.limit_Init)
    i.main                                   0x0800225c   Section        0  main.o(i.main)
    i.servoSet                               0x08002458   Section        0  servo.o(i.servoSet)
    i.servo_Init                             0x08002480   Section        0  servo.o(i.servo_Init)
    i.servo_clock_Init                       0x080024d8   Section        0  servo.o(i.servo_clock_Init)
    servo_clock_Init                         0x080024d9   Thumb Code   138  servo.o(i.servo_clock_Init)
    i.stepHome                               0x08002570   Section        0  stepper.o(i.stepHome)
    i.step_clock_Init                        0x0800270c   Section        0  stepper.o(i.step_clock_Init)
    step_clock_Init                          0x0800270d   Thumb Code   118  stepper.o(i.step_clock_Init)
    i.stepper_Init                           0x0800278c   Section        0  stepper.o(i.stepper_Init)
    i.usartInit                              0x08002858   Section        0  usart.o(i.usartInit)
    i.virtualPortInit                        0x0800291c   Section        0  virtualport.o(i.virtualPortInit)
    i.vportMenuPrint                         0x080029d4   Section        0  virtualport.o(i.vportMenuPrint)
    i.vportPrintf                            0x08002b38   Section        0  virtualport.o(i.vportPrintf)
    i.vportPutc                              0x08002b60   Section        0  virtualport.o(i.vportPutc)
    vportPutc                                0x08002b61   Thumb Code    22  virtualport.o(i.vportPutc)
    i.vportPuts                              0x08002b7c   Section        0  virtualport.o(i.vportPuts)
    vportPuts                                0x08002b7d   Thumb Code    22  virtualport.o(i.vportPuts)
    locale$$code                             0x08002b94   Section       44  lc_numeric_c.o(locale$$code)
    locale$$code                             0x08002bc0   Section       44  lc_ctype_c.o(locale$$code)
    x$fpl$fpinit                             0x08002bec   Section       10  fpinit.o(x$fpl$fpinit)
    $v0                                      0x08002bec   Number         0  fpinit.o(x$fpl$fpinit)
    x$fpl$printf1                            0x08002bf6   Section        4  printf1.o(x$fpl$printf1)
    $v0                                      0x08002bf6   Number         0  printf1.o(x$fpl$printf1)
    x$fpl$printf2                            0x08002bfa   Section        4  printf2.o(x$fpl$printf2)
    $v0                                      0x08002bfa   Number         0  printf2.o(x$fpl$printf2)
    .constdata                               0x08002bfe   Section       24  system_stm32f3xx.o(.constdata)
    x$fpl$usenofp                            0x08002bfe   Section        0  usenofp.o(x$fpl$usenofp)
    .constdata                               0x08002c16   Section        8  stepper.o(.constdata)
    halfStep                                 0x08002c16   Data           8  stepper.o(.constdata)
    .constdata                               0x08002c20   Section        8  _printf_wctomb.o(.constdata)
    initial_mbstate                          0x08002c20   Data           8  _printf_wctomb.o(.constdata)
    .constdata                               0x08002c28   Section       40  _printf_hex_int_ll_ptr.o(.constdata)
    uc_hextab                                0x08002c28   Data          20  _printf_hex_int_ll_ptr.o(.constdata)
    lc_hextab                                0x08002c3c   Data          20  _printf_hex_int_ll_ptr.o(.constdata)
    .constdata                               0x08002c50   Section       17  __printf_flags_ss_wp.o(.constdata)
    maptable                                 0x08002c50   Data          17  __printf_flags_ss_wp.o(.constdata)
    .constdata                               0x08002c61   Section       38  _printf_fp_hex.o(.constdata)
    lc_hextab                                0x08002c61   Data          19  _printf_fp_hex.o(.constdata)
    uc_hextab                                0x08002c74   Data          19  _printf_fp_hex.o(.constdata)
    .constdata                               0x08002c88   Section      148  bigflt0.o(.constdata)
    tenpwrs_x                                0x08002c88   Data          60  bigflt0.o(.constdata)
    tenpwrs_i                                0x08002cc4   Data          64  bigflt0.o(.constdata)
    locale$$data                             0x08002d3c   Section       28  lc_numeric_c.o(locale$$data)
    __lcnum_c_name                           0x08002d40   Data           2  lc_numeric_c.o(locale$$data)
    __lcnum_c_start                          0x08002d48   Data           0  lc_numeric_c.o(locale$$data)
    __lcnum_c_point                          0x08002d54   Data           0  lc_numeric_c.o(locale$$data)
    __lcnum_c_thousands                      0x08002d56   Data           0  lc_numeric_c.o(locale$$data)
    __lcnum_c_grouping                       0x08002d57   Data           0  lc_numeric_c.o(locale$$data)
    locale$$data                             0x08002d58   Section      272  lc_ctype_c.o(locale$$data)
    __lcnum_c_end                            0x08002d58   Data           0  lc_numeric_c.o(locale$$data)
    __lcctype_c_name                         0x08002d5c   Data           2  lc_ctype_c.o(locale$$data)
    __lcctype_c_start                        0x08002d64   Data           0  lc_ctype_c.o(locale$$data)
    __lcctype_c_end                          0x08002e68   Data           0  lc_ctype_c.o(locale$$data)
    .data                                    0x20000000   Section        5  virtualport.o(.data)
    .data                                    0x20000008   Section        4  system_stm32f3xx.o(.data)
    .data                                    0x2000000c   Section        2  heartbeat.o(.data)
    .data                                    0x20000010   Section       16  stepper.o(.data)
    stepType                                 0x2000001f   Data           1  stepper.o(.data)
    .data                                    0x20000020   Section        4  limit.o(.data)
    .data                                    0x20000024   Section        8  servo.o(.data)
    .bss                                     0x2000002c   Section       40  virtualport.o(.bss)
    .bss                                     0x20000054   Section       96  libspace.o(.bss)
    HEAP                                     0x200000b8   Section      512  startup_stm32f303xe.o(HEAP)
    Heap_Mem                                 0x200000b8   Data         512  startup_stm32f303xe.o(HEAP)
    STACK                                    0x200002b8   Section     1024  startup_stm32f303xe.o(STACK)
    Stack_Mem                                0x200002b8   Data        1024  startup_stm32f303xe.o(STACK)
    __initial_sp                             0x200006b8   Data           0  startup_stm32f303xe.o(STACK)

    Global Symbols

    Symbol Name                              Value     Ov Type        Size  Object(Section)

    BuildAttributes$$THM_ISAv4$E$P$D$K$B$S$7EM$VFPi3$EXTD16$VFPS$VFMA$PE$A:L22UL41UL21$X:L11$S22US41US21$IEEE1$IW$USESV6$~STKCKD$USESV7$~SHL$OTIME$ROPI$IEEEJ$EBA8$UX$STANDARDLIB$REQ8$PRES8$EABIv2 0x00000000   Number         0  anon$$obj.o ABSOLUTE
    __ARM_use_no_argv                        0x00000000   Number         0  main.o ABSOLUTE
    _printf_flags                            0x00000000   Number         0  printf_stubs.o ABSOLUTE
    _printf_return_value                     0x00000000   Number         0  printf_stubs.o ABSOLUTE
    _printf_sizespec                         0x00000000   Number         0  printf_stubs.o ABSOLUTE
    _printf_widthprec                        0x00000000   Number         0  printf_stubs.o ABSOLUTE
    __ARM_exceptions_init                     - Undefined Weak Reference
    __alloca_initialize                       - Undefined Weak Reference
    __arm_preinit_                            - Undefined Weak Reference
    __cpp_initialize__aeabi_                  - Undefined Weak Reference
    __cxa_finalize                            - Undefined Weak Reference
    __sigvec_lookup                           - Undefined Weak Reference
    _atexit_init                              - Undefined Weak Reference
    _call_atexit_fns                          - Undefined Weak Reference
    _clock_init                               - Undefined Weak Reference
    _fp_trap_init                             - Undefined Weak Reference
    _fp_trap_shutdown                         - Undefined Weak Reference
    _get_lc_collate                           - Undefined Weak Reference
    _get_lc_monetary                          - Undefined Weak Reference
    _get_lc_time                              - Undefined Weak Reference
    _getenv_init                              - Undefined Weak Reference
    _handle_redirection                       - Undefined Weak Reference
    _init_alloc                               - Undefined Weak Reference
    _init_user_alloc                          - Undefined Weak Reference
    _initio                                   - Undefined Weak Reference
    _printf_mbtowc                            - Undefined Weak Reference
    _printf_wc                                - Undefined Weak Reference
    _rand_init                                - Undefined Weak Reference
    _signal_finish                            - Undefined Weak Reference
    _signal_init                              - Undefined Weak Reference
    _terminate_alloc                          - Undefined Weak Reference
    _terminate_user_alloc                     - Undefined Weak Reference
    _terminateio                              - Undefined Weak Reference
    __Vectors_Size                           0x00000194   Number         0  startup_stm32f303xe.o ABSOLUTE
    __Vectors                                0x08000000   Data           4  startup_stm32f303xe.o(RESET)
    __Vectors_End                            0x08000194   Data           0  startup_stm32f303xe.o(RESET)
    __main                                   0x08000195   Thumb Code     8  __main.o(!!!main)
    __scatterload                            0x0800019d   Thumb Code     0  __scatter.o(!!!scatter)
    __scatterload_rt2                        0x0800019d   Thumb Code    44  __scatter.o(!!!scatter)
    __scatterload_rt2_thumb_only             0x0800019d   Thumb Code     0  __scatter.o(!!!scatter)
    __scatterload_null                       0x080001ab   Thumb Code     0  __scatter.o(!!!scatter)
    __scatterload_copy                       0x080001d1   Thumb Code    26  __scatter_copy.o(!!handler_copy)
    __scatterload_zeroinit                   0x080001ed   Thumb Code    28  __scatter_zi.o(!!handler_zi)
    _printf_n                                0x08000209   Thumb Code     0  _printf_n.o(.ARM.Collect$$_printf_percent$$00000001)
    _printf_percent                          0x08000209   Thumb Code     0  _printf_percent.o(.ARM.Collect$$_printf_percent$$00000000)
    _printf_p                                0x0800020f   Thumb Code     0  _printf_p.o(.ARM.Collect$$_printf_percent$$00000002)
    _printf_f                                0x08000215   Thumb Code     0  _printf_f.o(.ARM.Collect$$_printf_percent$$00000003)
    _printf_e                                0x0800021b   Thumb Code     0  _printf_e.o(.ARM.Collect$$_printf_percent$$00000004)
    _printf_g                                0x08000221   Thumb Code     0  _printf_g.o(.ARM.Collect$$_printf_percent$$00000005)
    _printf_a                                0x08000227   Thumb Code     0  _printf_a.o(.ARM.Collect$$_printf_percent$$00000006)
    _printf_ll                               0x0800022d   Thumb Code     0  _printf_ll.o(.ARM.Collect$$_printf_percent$$00000007)
    _printf_i                                0x08000237   Thumb Code     0  _printf_i.o(.ARM.Collect$$_printf_percent$$00000008)
    _printf_d                                0x0800023d   Thumb Code     0  _printf_d.o(.ARM.Collect$$_printf_percent$$00000009)
    _printf_u                                0x08000243   Thumb Code     0  _printf_u.o(.ARM.Collect$$_printf_percent$$0000000A)
    _printf_o                                0x08000249   Thumb Code     0  _printf_o.o(.ARM.Collect$$_printf_percent$$0000000B)
    _printf_x                                0x0800024f   Thumb Code     0  _printf_x.o(.ARM.Collect$$_printf_percent$$0000000C)
    _printf_lli                              0x08000255   Thumb Code     0  _printf_lli.o(.ARM.Collect$$_printf_percent$$0000000D)
    _printf_lld                              0x0800025b   Thumb Code     0  _printf_lld.o(.ARM.Collect$$_printf_percent$$0000000E)
    _printf_llu                              0x08000261   Thumb Code     0  _printf_llu.o(.ARM.Collect$$_printf_percent$$0000000F)
    _printf_llo                              0x08000267   Thumb Code     0  _printf_llo.o(.ARM.Collect$$_printf_percent$$00000010)
    _printf_llx                              0x0800026d   Thumb Code     0  _printf_llx.o(.ARM.Collect$$_printf_percent$$00000011)
    _printf_l                                0x08000273   Thumb Code     0  _printf_l.o(.ARM.Collect$$_printf_percent$$00000012)
    _printf_c                                0x0800027d   Thumb Code     0  _printf_c.o(.ARM.Collect$$_printf_percent$$00000013)
    _printf_s                                0x08000283   Thumb Code     0  _printf_s.o(.ARM.Collect$$_printf_percent$$00000014)
    _printf_lc                               0x08000289   Thumb Code     0  _printf_lc.o(.ARM.Collect$$_printf_percent$$00000015)
    _printf_ls                               0x0800028f   Thumb Code     0  _printf_ls.o(.ARM.Collect$$_printf_percent$$00000016)
    _printf_percent_end                      0x08000295   Thumb Code     0  _printf_percent_end.o(.ARM.Collect$$_printf_percent$$00000017)
    __rt_lib_init                            0x08000299   Thumb Code     0  libinit.o(.ARM.Collect$$libinit$$00000000)
    __rt_lib_init_fp_1                       0x0800029b   Thumb Code     0  libinit2.o(.ARM.Collect$$libinit$$00000001)
    __rt_lib_init_heap_1                     0x0800029f   Thumb Code     0  libinit2.o(.ARM.Collect$$libinit$$0000000A)
    __rt_lib_init_lc_common                  0x0800029f   Thumb Code     0  libinit2.o(.ARM.Collect$$libinit$$0000000F)
    __rt_lib_init_preinit_1                  0x0800029f   Thumb Code     0  libinit2.o(.ARM.Collect$$libinit$$00000004)
    __rt_lib_init_rand_1                     0x0800029f   Thumb Code     0  libinit2.o(.ARM.Collect$$libinit$$0000000E)
    __rt_lib_init_user_alloc_1               0x0800029f   Thumb Code     0  libinit2.o(.ARM.Collect$$libinit$$0000000C)
    __rt_lib_init_lc_collate_1               0x080002a5   Thumb Code     0  libinit2.o(.ARM.Collect$$libinit$$00000011)
    __rt_lib_init_lc_ctype_2                 0x080002a5   Thumb Code     0  libinit2.o(.ARM.Collect$$libinit$$00000012)
    __rt_lib_init_lc_ctype_1                 0x080002b1   Thumb Code     0  libinit2.o(.ARM.Collect$$libinit$$00000013)
    __rt_lib_init_lc_monetary_1              0x080002b1   Thumb Code     0  libinit2.o(.ARM.Collect$$libinit$$00000015)
    __rt_lib_init_lc_numeric_2               0x080002b1   Thumb Code     0  libinit2.o(.ARM.Collect$$libinit$$00000016)
    __rt_lib_init_alloca_1                   0x080002bb   Thumb Code     0  libinit2.o(.ARM.Collect$$libinit$$0000002E)
    __rt_lib_init_argv_1                     0x080002bb   Thumb Code     0  libinit2.o(.ARM.Collect$$libinit$$0000002C)
    __rt_lib_init_atexit_1                   0x080002bb   Thumb Code     0  libinit2.o(.ARM.Collect$$libinit$$0000001B)
    __rt_lib_init_clock_1                    0x080002bb   Thumb Code     0  libinit2.o(.ARM.Collect$$libinit$$00000021)
    __rt_lib_init_cpp_1                      0x080002bb   Thumb Code     0  libinit2.o(.ARM.Collect$$libinit$$00000032)
    __rt_lib_init_exceptions_1               0x080002bb   Thumb Code     0  libinit2.o(.ARM.Collect$$libinit$$00000030)
    __rt_lib_init_fp_trap_1                  0x080002bb   Thumb Code     0  libinit2.o(.ARM.Collect$$libinit$$0000001F)
    __rt_lib_init_getenv_1                   0x080002bb   Thumb Code     0  libinit2.o(.ARM.Collect$$libinit$$00000023)
    __rt_lib_init_lc_numeric_1               0x080002bb   Thumb Code     0  libinit2.o(.ARM.Collect$$libinit$$00000017)
    __rt_lib_init_lc_time_1                  0x080002bb   Thumb Code     0  libinit2.o(.ARM.Collect$$libinit$$00000019)
    __rt_lib_init_return                     0x080002bb   Thumb Code     0  libinit2.o(.ARM.Collect$$libinit$$00000033)
    __rt_lib_init_signal_1                   0x080002bb   Thumb Code     0  libinit2.o(.ARM.Collect$$libinit$$0000001D)
    __rt_lib_init_stdio_1                    0x080002bb   Thumb Code     0  libinit2.o(.ARM.Collect$$libinit$$00000025)
    __rt_lib_shutdown                        0x080002bd   Thumb Code     0  libshutdown.o(.ARM.Collect$$libshutdown$$00000000)
    __rt_lib_shutdown_cpp_1                  0x080002bf   Thumb Code     0  libshutdown2.o(.ARM.Collect$$libshutdown$$00000002)
    __rt_lib_shutdown_fp_trap_1              0x080002bf   Thumb Code     0  libshutdown2.o(.ARM.Collect$$libshutdown$$00000007)
    __rt_lib_shutdown_heap_1                 0x080002bf   Thumb Code     0  libshutdown2.o(.ARM.Collect$$libshutdown$$0000000F)
    __rt_lib_shutdown_return                 0x080002bf   Thumb Code     0  libshutdown2.o(.ARM.Collect$$libshutdown$$00000010)
    __rt_lib_shutdown_signal_1               0x080002bf   Thumb Code     0  libshutdown2.o(.ARM.Collect$$libshutdown$$0000000A)
    __rt_lib_shutdown_stdio_1                0x080002bf   Thumb Code     0  libshutdown2.o(.ARM.Collect$$libshutdown$$00000004)
    __rt_lib_shutdown_user_alloc_1           0x080002bf   Thumb Code     0  libshutdown2.o(.ARM.Collect$$libshutdown$$0000000C)
    __rt_entry                               0x080002c1   Thumb Code     0  __rtentry.o(.ARM.Collect$$rtentry$$00000000)
    __rt_entry_presh_1                       0x080002c1   Thumb Code     0  __rtentry2.o(.ARM.Collect$$rtentry$$00000002)
    __rt_entry_sh                            0x080002c1   Thumb Code     0  __rtentry4.o(.ARM.Collect$$rtentry$$00000004)
    __rt_entry_li                            0x080002c7   Thumb Code     0  __rtentry2.o(.ARM.Collect$$rtentry$$0000000A)
    __rt_entry_postsh_1                      0x080002c7   Thumb Code     0  __rtentry2.o(.ARM.Collect$$rtentry$$00000009)
    __rt_entry_main                          0x080002cb   Thumb Code     0  __rtentry2.o(.ARM.Collect$$rtentry$$0000000D)
    __rt_entry_postli_1                      0x080002cb   Thumb Code     0  __rtentry2.o(.ARM.Collect$$rtentry$$0000000C)
    __rt_exit                                0x080002d3   Thumb Code     0  rtexit.o(.ARM.Collect$$rtexit$$00000000)
    __rt_exit_ls                             0x080002d5   Thumb Code     0  rtexit2.o(.ARM.Collect$$rtexit$$00000003)
    __rt_exit_prels_1                        0x080002d5   Thumb Code     0  rtexit2.o(.ARM.Collect$$rtexit$$00000002)
    __rt_exit_exit                           0x080002d9   Thumb Code     0  rtexit2.o(.ARM.Collect$$rtexit$$00000004)
    Reset_Handler                            0x080002e1   Thumb Code     8  startup_stm32f303xe.o(.text)
    NMI_Handler                              0x080002e9   Thumb Code     2  startup_stm32f303xe.o(.text)
    HardFault_Handler                        0x080002eb   Thumb Code     2  startup_stm32f303xe.o(.text)
    MemManage_Handler                        0x080002ed   Thumb Code     2  startup_stm32f303xe.o(.text)
    BusFault_Handler                         0x080002ef   Thumb Code     2  startup_stm32f303xe.o(.text)
    UsageFault_Handler                       0x080002f1   Thumb Code     2  startup_stm32f303xe.o(.text)
    SVC_Handler                              0x080002f3   Thumb Code     2  startup_stm32f303xe.o(.text)
    DebugMon_Handler                         0x080002f5   Thumb Code     2  startup_stm32f303xe.o(.text)
    PendSV_Handler                           0x080002f7   Thumb Code     2  startup_stm32f303xe.o(.text)
    SysTick_Handler                          0x080002f9   Thumb Code     2  startup_stm32f303xe.o(.text)
    ADC1_2_IRQHandler                        0x080002fb   Thumb Code     0  startup_stm32f303xe.o(.text)
    ADC3_IRQHandler                          0x080002fb   Thumb Code     0  startup_stm32f303xe.o(.text)
    ADC4_IRQHandler                          0x080002fb   Thumb Code     0  startup_stm32f303xe.o(.text)
    CAN_RX1_IRQHandler                       0x080002fb   Thumb Code     0  startup_stm32f303xe.o(.text)
    CAN_SCE_IRQHandler                       0x080002fb   Thumb Code     0  startup_stm32f303xe.o(.text)
    COMP1_2_3_IRQHandler                     0x080002fb   Thumb Code     0  startup_stm32f303xe.o(.text)
    COMP4_5_6_IRQHandler                     0x080002fb   Thumb Code     0  startup_stm32f303xe.o(.text)
    COMP7_IRQHandler                         0x080002fb   Thumb Code     0  startup_stm32f303xe.o(.text)
    DMA1_Channel1_IRQHandler                 0x080002fb   Thumb Code     0  startup_stm32f303xe.o(.text)
    DMA1_Channel2_IRQHandler                 0x080002fb   Thumb Code     0  startup_stm32f303xe.o(.text)
    DMA1_Channel3_IRQHandler                 0x080002fb   Thumb Code     0  startup_stm32f303xe.o(.text)
    DMA1_Channel4_IRQHandler                 0x080002fb   Thumb Code     0  startup_stm32f303xe.o(.text)
    DMA1_Channel5_IRQHandler                 0x080002fb   Thumb Code     0  startup_stm32f303xe.o(.text)
    DMA1_Channel6_IRQHandler                 0x080002fb   Thumb Code     0  startup_stm32f303xe.o(.text)
    DMA1_Channel7_IRQHandler                 0x080002fb   Thumb Code     0  startup_stm32f303xe.o(.text)
    DMA2_Channel1_IRQHandler                 0x080002fb   Thumb Code     0  startup_stm32f303xe.o(.text)
    DMA2_Channel2_IRQHandler                 0x080002fb   Thumb Code     0  startup_stm32f303xe.o(.text)
    DMA2_Channel3_IRQHandler                 0x080002fb   Thumb Code     0  startup_stm32f303xe.o(.text)
    DMA2_Channel4_IRQHandler                 0x080002fb   Thumb Code     0  startup_stm32f303xe.o(.text)
    DMA2_Channel5_IRQHandler                 0x080002fb   Thumb Code     0  startup_stm32f303xe.o(.text)
    EXTI0_IRQHandler                         0x080002fb   Thumb Code     0  startup_stm32f303xe.o(.text)
    EXTI15_10_IRQHandler                     0x080002fb   Thumb Code     0  startup_stm32f303xe.o(.text)
    EXTI1_IRQHandler                         0x080002fb   Thumb Code     0  startup_stm32f303xe.o(.text)
    EXTI2_TSC_IRQHandler                     0x080002fb   Thumb Code     0  startup_stm32f303xe.o(.text)
    EXTI3_IRQHandler                         0x080002fb   Thumb Code     0  startup_stm32f303xe.o(.text)
    EXTI4_IRQHandler                         0x080002fb   Thumb Code     0  startup_stm32f303xe.o(.text)
    FLASH_IRQHandler                         0x080002fb   Thumb Code     0  startup_stm32f303xe.o(.text)
    FMC_IRQHandler                           0x080002fb   Thumb Code     0  startup_stm32f303xe.o(.text)
    FPU_IRQHandler                           0x080002fb   Thumb Code     0  startup_stm32f303xe.o(.text)
    I2C1_ER_IRQHandler                       0x080002fb   Thumb Code     0  startup_stm32f303xe.o(.text)
    I2C1_EV_IRQHandler                       0x080002fb   Thumb Code     0  startup_stm32f303xe.o(.text)
    I2C2_ER_IRQHandler                       0x080002fb   Thumb Code     0  startup_stm32f303xe.o(.text)
    I2C2_EV_IRQHandler                       0x080002fb   Thumb Code     0  startup_stm32f303xe.o(.text)
    I2C3_ER_IRQHandler                       0x080002fb   Thumb Code     0  startup_stm32f303xe.o(.text)
    I2C3_EV_IRQHandler                       0x080002fb   Thumb Code     0  startup_stm32f303xe.o(.text)
    PVD_IRQHandler                           0x080002fb   Thumb Code     0  startup_stm32f303xe.o(.text)
    RCC_IRQHandler                           0x080002fb   Thumb Code     0  startup_stm32f303xe.o(.text)
    RTC_Alarm_IRQHandler                     0x080002fb   Thumb Code     0  startup_stm32f303xe.o(.text)
    RTC_WKUP_IRQHandler                      0x080002fb   Thumb Code     0  startup_stm32f303xe.o(.text)
    SPI1_IRQHandler                          0x080002fb   Thumb Code     0  startup_stm32f303xe.o(.text)
    SPI2_IRQHandler                          0x080002fb   Thumb Code     0  startup_stm32f303xe.o(.text)
    SPI3_IRQHandler                          0x080002fb   Thumb Code     0  startup_stm32f303xe.o(.text)
    SPI4_IRQHandler                          0x080002fb   Thumb Code     0  startup_stm32f303xe.o(.text)
    TAMP_STAMP_IRQHandler                    0x080002fb   Thumb Code     0  startup_stm32f303xe.o(.text)
    TIM1_BRK_TIM15_IRQHandler                0x080002fb   Thumb Code     0  startup_stm32f303xe.o(.text)
    TIM1_CC_IRQHandler                       0x080002fb   Thumb Code     0  startup_stm32f303xe.o(.text)
    TIM1_TRG_COM_TIM17_IRQHandler            0x080002fb   Thumb Code     0  startup_stm32f303xe.o(.text)
    TIM1_UP_TIM16_IRQHandler                 0x080002fb   Thumb Code     0  startup_stm32f303xe.o(.text)
    TIM20_BRK_IRQHandler                     0x080002fb   Thumb Code     0  startup_stm32f303xe.o(.text)
    TIM20_CC_IRQHandler                      0x080002fb   Thumb Code     0  startup_stm32f303xe.o(.text)
    TIM20_TRG_COM_IRQHandler                 0x080002fb   Thumb Code     0  startup_stm32f303xe.o(.text)
    TIM20_UP_IRQHandler                      0x080002fb   Thumb Code     0  startup_stm32f303xe.o(.text)
    TIM4_IRQHandler                          0x080002fb   Thumb Code     0  startup_stm32f303xe.o(.text)
    TIM6_DAC_IRQHandler                      0x080002fb   Thumb Code     0  startup_stm32f303xe.o(.text)
    TIM7_IRQHandler                          0x080002fb   Thumb Code     0  startup_stm32f303xe.o(.text)
    TIM8_BRK_IRQHandler                      0x080002fb   Thumb Code     0  startup_stm32f303xe.o(.text)
    TIM8_CC_IRQHandler                       0x080002fb   Thumb Code     0  startup_stm32f303xe.o(.text)
    TIM8_TRG_COM_IRQHandler                  0x080002fb   Thumb Code     0  startup_stm32f303xe.o(.text)
    TIM8_UP_IRQHandler                       0x080002fb   Thumb Code     0  startup_stm32f303xe.o(.text)
    UART4_IRQHandler                         0x080002fb   Thumb Code     0  startup_stm32f303xe.o(.text)
    UART5_IRQHandler                         0x080002fb   Thumb Code     0  startup_stm32f303xe.o(.text)
    USART1_IRQHandler                        0x080002fb   Thumb Code     0  startup_stm32f303xe.o(.text)
    USART3_IRQHandler                        0x080002fb   Thumb Code     0  startup_stm32f303xe.o(.text)
    USBWakeUp_IRQHandler                     0x080002fb   Thumb Code     0  startup_stm32f303xe.o(.text)
    USBWakeUp_RMP_IRQHandler                 0x080002fb   Thumb Code     0  startup_stm32f303xe.o(.text)
    USB_HP_CAN_TX_IRQHandler                 0x080002fb   Thumb Code     0  startup_stm32f303xe.o(.text)
    USB_HP_IRQHandler                        0x080002fb   Thumb Code     0  startup_stm32f303xe.o(.text)
    USB_LP_CAN_RX0_IRQHandler                0x080002fb   Thumb Code     0  startup_stm32f303xe.o(.text)
    USB_LP_IRQHandler                        0x080002fb   Thumb Code     0  startup_stm32f303xe.o(.text)
    WWDG_IRQHandler                          0x080002fb   Thumb Code     0  startup_stm32f303xe.o(.text)
    __user_initial_stackheap                 0x080002fd   Thumb Code     0  startup_stm32f303xe.o(.text)
    vsnprintf                                0x08000321   Thumb Code    48  vsnprintf.o(.text)
    __use_two_region_memory                  0x08000355   Thumb Code     2  heapauxi.o(.text)
    __rt_heap_escrow$2region                 0x08000357   Thumb Code     2  heapauxi.o(.text)
    __rt_heap_expand$2region                 0x08000359   Thumb Code     2  heapauxi.o(.text)
    _printf_pre_padding                      0x0800035b   Thumb Code    44  _printf_pad.o(.text)
    _printf_post_padding                     0x08000387   Thumb Code    34  _printf_pad.o(.text)
    _printf_truncate_signed                  0x080003a9   Thumb Code    18  _printf_truncate.o(.text)
    _printf_truncate_unsigned                0x080003bb   Thumb Code    18  _printf_truncate.o(.text)
    _printf_str                              0x080003cd   Thumb Code    82  _printf_str.o(.text)
    _printf_int_dec                          0x08000421   Thumb Code   104  _printf_dec.o(.text)
    _printf_charcount                        0x08000499   Thumb Code    40  _printf_charcount.o(.text)
    _printf_char_common                      0x080004cb   Thumb Code    32  _printf_char_common.o(.text)
    _sputc                                   0x080004f1   Thumb Code    10  _sputc.o(.text)
    _snputc                                  0x080004fb   Thumb Code    16  _snputc.o(.text)
    _printf_wctomb                           0x0800050d   Thumb Code   182  _printf_wctomb.o(.text)
    _printf_longlong_dec                     0x080005c9   Thumb Code   108  _printf_longlong_dec.o(.text)
    _printf_longlong_oct                     0x08000645   Thumb Code    66  _printf_oct_int_ll.o(.text)
    _printf_int_oct                          0x08000687   Thumb Code    24  _printf_oct_int_ll.o(.text)
    _printf_ll_oct                           0x0800069f   Thumb Code    12  _printf_oct_int_ll.o(.text)
    _printf_longlong_hex                     0x080006b5   Thumb Code    86  _printf_hex_int_ll_ptr.o(.text)
    _printf_int_hex                          0x0800070b   Thumb Code    28  _printf_hex_int_ll_ptr.o(.text)
    _printf_ll_hex                           0x08000727   Thumb Code    12  _printf_hex_int_ll_ptr.o(.text)
    _printf_hex_ptr                          0x08000733   Thumb Code    18  _printf_hex_int_ll_ptr.o(.text)
    __printf                                 0x08000749   Thumb Code   388  __printf_flags_ss_wp.o(.text)
    _ll_udiv10                               0x080008d1   Thumb Code   138  lludiv10.o(.text)
    _printf_int_common                       0x0800095b   Thumb Code   178  _printf_intcommon.o(.text)
    __lib_sel_fp_printf                      0x08000a0d   Thumb Code     2  _printf_fp_dec.o(.text)
    _printf_fp_dec_real                      0x08000bbf   Thumb Code   620  _printf_fp_dec.o(.text)
    _printf_fp_hex_real                      0x08000e2d   Thumb Code   756  _printf_fp_hex.o(.text)
    _printf_cs_common                        0x08001129   Thumb Code    20  _printf_char.o(.text)
    _printf_char                             0x0800113d   Thumb Code    16  _printf_char.o(.text)
    _printf_string                           0x0800114d   Thumb Code     8  _printf_char.o(.text)
    _printf_lcs_common                       0x08001155   Thumb Code    20  _printf_wchar.o(.text)
    _printf_wchar                            0x08001169   Thumb Code    16  _printf_wchar.o(.text)
    _printf_wstring                          0x08001179   Thumb Code     8  _printf_wchar.o(.text)
    _wcrtomb                                 0x08001181   Thumb Code    64  _wcrtomb.o(.text)
    __user_setup_stackheap                   0x080011c1   Thumb Code    74  sys_stackheap_outer.o(.text)
    __rt_ctype_table                         0x0800120d   Thumb Code    16  rt_ctype_table.o(.text)
    __rt_locale                              0x0800121d   Thumb Code     8  rt_locale_intlibspace.o(.text)
    _printf_fp_infnan                        0x08001225   Thumb Code   112  _printf_fp_infnan.o(.text)
    _btod_etento                             0x080012a5   Thumb Code   224  bigflt0.o(.text)
    exit                                     0x08001389   Thumb Code    18  exit.o(.text)
    __user_libspace                          0x0800139d   Thumb Code     8  libspace.o(.text)
    __user_perproc_libspace                  0x0800139d   Thumb Code     0  libspace.o(.text)
    __user_perthread_libspace                0x0800139d   Thumb Code     0  libspace.o(.text)
    strcmp                                   0x080013a5   Thumb Code   128  strcmpv7m.o(.text)
    _sys_exit                                0x08001425   Thumb Code     8  sys_exit.o(.text)
    __I$use$semihosting                      0x08001431   Thumb Code     0  use_no_semi.o(.text)
    __use_no_semihosting_swi                 0x08001431   Thumb Code     2  use_no_semi.o(.text)
    __semihosting_library_function           0x08001433   Thumb Code     0  indicate_semi.o(.text)
    _btod_d2e                                0x08001433   Thumb Code    62  btod.o(CL$$btod_d2e)
    _d2e_denorm_low                          0x08001471   Thumb Code    70  btod.o(CL$$btod_d2e_denorm_low)
    _d2e_norm_op1                            0x080014b7   Thumb Code    96  btod.o(CL$$btod_d2e_norm_op1)
    __btod_div_common                        0x08001517   Thumb Code   696  btod.o(CL$$btod_div_common)
    _e2e                                     0x0800184f   Thumb Code   220  btod.o(CL$$btod_e2e)
    _btod_ediv                               0x0800192b   Thumb Code    42  btod.o(CL$$btod_ediv)
    _btod_emul                               0x08001955   Thumb Code    42  btod.o(CL$$btod_emul)
    __btod_mult_common                       0x0800197f   Thumb Code   580  btod.o(CL$$btod_mult_common)
    Delay_ms                                 0x08001bc5   Thumb Code    74  gpio.o(i.Delay_ms)
    EXTI9_5_IRQHandler                       0x08001c15   Thumb Code    82  limit.o(i.EXTI9_5_IRQHandler)
    GPIO_clock_enable                        0x08001c79   Thumb Code    16  gpio.o(i.GPIO_clock_enable)
    Heartbeat_Init                           0x08001c8d   Thumb Code   110  heartbeat.o(i.Heartbeat_Init)
    LED_Init                                 0x08001d01   Thumb Code    64  led.o(i.LED_Init)
    LED_Toggle                               0x08001d45   Thumb Code    18  led.o(i.LED_Toggle)
    SystemCoreClockUpdate                    0x08001d59   Thumb Code   146  system_stm32f3xx.o(i.SystemCoreClockUpdate)
    SystemInit                               0x08001dfd   Thumb Code   104  system_stm32f3xx.o(i.SystemInit)
    System_Clock_Init                        0x08001e79   Thumb Code   226  sysclock.o(i.System_Clock_Init)
    TIM2_IRQHandler                          0x08001f65   Thumb Code    66  heartbeat.o(i.TIM2_IRQHandler)
    TIM3_IRQHandler                          0x08001fb9   Thumb Code   144  stepper.o(i.TIM3_IRQHandler)
    USART2_IRQHandler                        0x08002065   Thumb Code    68  virtualport.o(i.USART2_IRQHandler)
    __ARM_fpclassify                         0x080020b9   Thumb Code    48  fpclassify.o(i.__ARM_fpclassify)
    _is_digit                                0x080020e9   Thumb Code    14  __printf_wp.o(i._is_digit)
    clearInput                               0x080020f9   Thumb Code    24  virtualport.o(i.clearInput)
    getServoPos                              0x0800211d   Thumb Code     6  servo.o(i.getServoPos)
    getStep                                  0x08002129   Thumb Code    20  stepper.o(i.getStep)
    limit_Init                               0x08002145   Thumb Code   256  limit.o(i.limit_Init)
    main                                     0x0800225d   Thumb Code   348  main.o(i.main)
    servoSet                                 0x08002459   Thumb Code    28  servo.o(i.servoSet)
    servo_Init                               0x08002481   Thumb Code    82  servo.o(i.servo_Init)
    stepHome                                 0x08002571   Thumb Code   366  stepper.o(i.stepHome)
    stepper_Init                             0x0800278d   Thumb Code   200  stepper.o(i.stepper_Init)
    usartInit                                0x08002859   Thumb Code   178  usart.o(i.usartInit)
    virtualPortInit                          0x0800291d   Thumb Code   174  virtualport.o(i.virtualPortInit)
    vportMenuPrint                           0x080029d5   Thumb Code    76  virtualport.o(i.vportMenuPrint)
    vportPrintf                              0x08002b39   Thumb Code    38  virtualport.o(i.vportPrintf)
    _get_lc_numeric                          0x08002b95   Thumb Code    44  lc_numeric_c.o(locale$$code)
    _get_lc_ctype                            0x08002bc1   Thumb Code    44  lc_ctype_c.o(locale$$code)
    _fp_init                                 0x08002bed   Thumb Code    10  fpinit.o(x$fpl$fpinit)
    __fplib_config_fpu_vfp                   0x08002bf5   Thumb Code     0  fpinit.o(x$fpl$fpinit)
    __fplib_config_pureend_doubles           0x08002bf5   Thumb Code     0  fpinit.o(x$fpl$fpinit)
    _printf_fp_dec                           0x08002bf7   Thumb Code     4  printf1.o(x$fpl$printf1)
    _printf_fp_hex                           0x08002bfb   Thumb Code     4  printf2.o(x$fpl$printf2)
    AHBPrescTable                            0x08002bfe   Data          16  system_stm32f3xx.o(.constdata)
    __I$use$fp                               0x08002bfe   Number         0  usenofp.o(x$fpl$usenofp)
    APBPrescTable                            0x08002c0e   Data           8  system_stm32f3xx.o(.constdata)
    Region$$Table$$Base                      0x08002d1c   Number         0  anon$$obj.o(Region$$Table)
    Region$$Table$$Limit                     0x08002d3c   Number         0  anon$$obj.o(Region$$Table)
    __ctype                                  0x08002d65   Data           0  lc_ctype_c.o(locale$$data)
    vportOffset                              0x20000000   Data           4  virtualport.o(.data)
    rxFlag                                   0x20000004   Data           1  virtualport.o(.data)
    SystemCoreClock                          0x20000008   Data           4  system_stm32f3xx.o(.data)
    pingFlag                                 0x2000000c   Data           1  heartbeat.o(.data)
    ledFlag                                  0x2000000d   Data           1  heartbeat.o(.data)
    stepCurPos_step                          0x20000010   Data           4  stepper.o(.data)
    stepGoToPos_step                         0x20000014   Data           4  stepper.o(.data)
    stepCount_step                           0x20000018   Data           4  stepper.o(.data)
    overflow                                 0x2000001c   Data           2  stepper.o(.data)
    nextStep                                 0x2000001e   Data           1  stepper.o(.data)
    leftLimitFlag                            0x20000020   Data           1  limit.o(.data)
    rightLimitFlag                           0x20000021   Data           1  limit.o(.data)
    startup                                  0x20000022   Data           1  limit.o(.data)
    limitsFlipped                            0x20000023   Data           1  limit.o(.data)
    servoCurPos_deg                          0x20000024   Data           4  servo.o(.data)
    servoCurPos_sec                          0x20000028   Data           4  servo.o(.data)
    vportInput                               0x2000002c   Data          40  virtualport.o(.bss)
    __libspace_start                         0x20000054   Data          96  libspace.o(.bss)
    __temporary_stack_top$libspace           0x200000b4   Data           0  libspace.o(.bss)



==============================================================================

Memory Map of the image

  Image Entry point : 0x08000195

  Load Region LR_IROM1 (Base: 0x08000000, Size: 0x00002e94, Max: 0x00080000, ABSOLUTE)

    Execution Region ER_IROM1 (Exec base: 0x08000000, Load base: 0x08000000, Size: 0x00002e68, Max: 0x00080000, ABSOLUTE)

    Exec Addr    Load Addr    Size         Type   Attr      Idx    E Section Name        Object

    0x08000000   0x08000000   0x00000194   Data   RO          169    RESET               startup_stm32f303xe.o
    0x08000194   0x08000194   0x00000008   Code   RO          516  * !!!main             c_w.l(__main.o)
    0x0800019c   0x0800019c   0x00000034   Code   RO          839    !!!scatter          c_w.l(__scatter.o)
    0x080001d0   0x080001d0   0x0000001a   Code   RO          841    !!handler_copy      c_w.l(__scatter_copy.o)
    0x080001ea   0x080001ea   0x00000002   PAD
    0x080001ec   0x080001ec   0x0000001c   Code   RO          843    !!handler_zi        c_w.l(__scatter_zi.o)
    0x08000208   0x08000208   0x00000000   Code   RO          602    .ARM.Collect$$_printf_percent$$00000000  c_w.l(_printf_percent.o)
    0x08000208   0x08000208   0x00000006   Code   RO          591    .ARM.Collect$$_printf_percent$$00000001  c_w.l(_printf_n.o)
    0x0800020e   0x0800020e   0x00000006   Code   RO          593    .ARM.Collect$$_printf_percent$$00000002  c_w.l(_printf_p.o)
    0x08000214   0x08000214   0x00000006   Code   RO          598    .ARM.Collect$$_printf_percent$$00000003  c_w.l(_printf_f.o)
    0x0800021a   0x0800021a   0x00000006   Code   RO          599    .ARM.Collect$$_printf_percent$$00000004  c_w.l(_printf_e.o)
    0x08000220   0x08000220   0x00000006   Code   RO          600    .ARM.Collect$$_printf_percent$$00000005  c_w.l(_printf_g.o)
    0x08000226   0x08000226   0x00000006   Code   RO          601    .ARM.Collect$$_printf_percent$$00000006  c_w.l(_printf_a.o)
    0x0800022c   0x0800022c   0x0000000a   Code   RO          606    .ARM.Collect$$_printf_percent$$00000007  c_w.l(_printf_ll.o)
    0x08000236   0x08000236   0x00000006   Code   RO          595    .ARM.Collect$$_printf_percent$$00000008  c_w.l(_printf_i.o)
    0x0800023c   0x0800023c   0x00000006   Code   RO          596    .ARM.Collect$$_printf_percent$$00000009  c_w.l(_printf_d.o)
    0x08000242   0x08000242   0x00000006   Code   RO          597    .ARM.Collect$$_printf_percent$$0000000A  c_w.l(_printf_u.o)
    0x08000248   0x08000248   0x00000006   Code   RO          594    .ARM.Collect$$_printf_percent$$0000000B  c_w.l(_printf_o.o)
    0x0800024e   0x0800024e   0x00000006   Code   RO          592    .ARM.Collect$$_printf_percent$$0000000C  c_w.l(_printf_x.o)
    0x08000254   0x08000254   0x00000006   Code   RO          603    .ARM.Collect$$_printf_percent$$0000000D  c_w.l(_printf_lli.o)
    0x0800025a   0x0800025a   0x00000006   Code   RO          604    .ARM.Collect$$_printf_percent$$0000000E  c_w.l(_printf_lld.o)
    0x08000260   0x08000260   0x00000006   Code   RO          605    .ARM.Collect$$_printf_percent$$0000000F  c_w.l(_printf_llu.o)
    0x08000266   0x08000266   0x00000006   Code   RO          610    .ARM.Collect$$_printf_percent$$00000010  c_w.l(_printf_llo.o)
    0x0800026c   0x0800026c   0x00000006   Code   RO          611    .ARM.Collect$$_printf_percent$$00000011  c_w.l(_printf_llx.o)
    0x08000272   0x08000272   0x0000000a   Code   RO          607    .ARM.Collect$$_printf_percent$$00000012  c_w.l(_printf_l.o)
    0x0800027c   0x0800027c   0x00000006   Code   RO          589    .ARM.Collect$$_printf_percent$$00000013  c_w.l(_printf_c.o)
    0x08000282   0x08000282   0x00000006   Code   RO          590    .ARM.Collect$$_printf_percent$$00000014  c_w.l(_printf_s.o)
    0x08000288   0x08000288   0x00000006   Code   RO          608    .ARM.Collect$$_printf_percent$$00000015  c_w.l(_printf_lc.o)
    0x0800028e   0x0800028e   0x00000006   Code   RO          609    .ARM.Collect$$_printf_percent$$00000016  c_w.l(_printf_ls.o)
    0x08000294   0x08000294   0x00000004   Code   RO          650    .ARM.Collect$$_printf_percent$$00000017  c_w.l(_printf_percent_end.o)
    0x08000298   0x08000298   0x00000002   Code   RO          699    .ARM.Collect$$libinit$$00000000  c_w.l(libinit.o)
    0x0800029a   0x0800029a   0x00000004   Code   RO          715    .ARM.Collect$$libinit$$00000001  c_w.l(libinit2.o)
    0x0800029e   0x0800029e   0x00000000   Code   RO          718    .ARM.Collect$$libinit$$00000004  c_w.l(libinit2.o)
    0x0800029e   0x0800029e   0x00000000   Code   RO          721    .ARM.Collect$$libinit$$0000000A  c_w.l(libinit2.o)
    0x0800029e   0x0800029e   0x00000000   Code   RO          723    .ARM.Collect$$libinit$$0000000C  c_w.l(libinit2.o)
    0x0800029e   0x0800029e   0x00000000   Code   RO          725    .ARM.Collect$$libinit$$0000000E  c_w.l(libinit2.o)
    0x0800029e   0x0800029e   0x00000006   Code   RO          726    .ARM.Collect$$libinit$$0000000F  c_w.l(libinit2.o)
    0x080002a4   0x080002a4   0x00000000   Code   RO          728    .ARM.Collect$$libinit$$00000011  c_w.l(libinit2.o)
    0x080002a4   0x080002a4   0x0000000c   Code   RO          729    .ARM.Collect$$libinit$$00000012  c_w.l(libinit2.o)
    0x080002b0   0x080002b0   0x00000000   Code   RO          730    .ARM.Collect$$libinit$$00000013  c_w.l(libinit2.o)
    0x080002b0   0x080002b0   0x00000000   Code   RO          732    .ARM.Collect$$libinit$$00000015  c_w.l(libinit2.o)
    0x080002b0   0x080002b0   0x0000000a   Code   RO          733    .ARM.Collect$$libinit$$00000016  c_w.l(libinit2.o)
    0x080002ba   0x080002ba   0x00000000   Code   RO          734    .ARM.Collect$$libinit$$00000017  c_w.l(libinit2.o)
    0x080002ba   0x080002ba   0x00000000   Code   RO          736    .ARM.Collect$$libinit$$00000019  c_w.l(libinit2.o)
    0x080002ba   0x080002ba   0x00000000   Code   RO          738    .ARM.Collect$$libinit$$0000001B  c_w.l(libinit2.o)
    0x080002ba   0x080002ba   0x00000000   Code   RO          740    .ARM.Collect$$libinit$$0000001D  c_w.l(libinit2.o)
    0x080002ba   0x080002ba   0x00000000   Code   RO          742    .ARM.Collect$$libinit$$0000001F  c_w.l(libinit2.o)
    0x080002ba   0x080002ba   0x00000000   Code   RO          744    .ARM.Collect$$libinit$$00000021  c_w.l(libinit2.o)
    0x080002ba   0x080002ba   0x00000000   Code   RO          746    .ARM.Collect$$libinit$$00000023  c_w.l(libinit2.o)
    0x080002ba   0x080002ba   0x00000000   Code   RO          748    .ARM.Collect$$libinit$$00000025  c_w.l(libinit2.o)
    0x080002ba   0x080002ba   0x00000000   Code   RO          752    .ARM.Collect$$libinit$$0000002C  c_w.l(libinit2.o)
    0x080002ba   0x080002ba   0x00000000   Code   RO          754    .ARM.Collect$$libinit$$0000002E  c_w.l(libinit2.o)
    0x080002ba   0x080002ba   0x00000000   Code   RO          756    .ARM.Collect$$libinit$$00000030  c_w.l(libinit2.o)
    0x080002ba   0x080002ba   0x00000000   Code   RO          758    .ARM.Collect$$libinit$$00000032  c_w.l(libinit2.o)
    0x080002ba   0x080002ba   0x00000002   Code   RO          759    .ARM.Collect$$libinit$$00000033  c_w.l(libinit2.o)
    0x080002bc   0x080002bc   0x00000002   Code   RO          779    .ARM.Collect$$libshutdown$$00000000  c_w.l(libshutdown.o)
    0x080002be   0x080002be   0x00000000   Code   RO          792    .ARM.Collect$$libshutdown$$00000002  c_w.l(libshutdown2.o)
    0x080002be   0x080002be   0x00000000   Code   RO          794    .ARM.Collect$$libshutdown$$00000004  c_w.l(libshutdown2.o)
    0x080002be   0x080002be   0x00000000   Code   RO          797    .ARM.Collect$$libshutdown$$00000007  c_w.l(libshutdown2.o)
    0x080002be   0x080002be   0x00000000   Code   RO          800    .ARM.Collect$$libshutdown$$0000000A  c_w.l(libshutdown2.o)
    0x080002be   0x080002be   0x00000000   Code   RO          802    .ARM.Collect$$libshutdown$$0000000C  c_w.l(libshutdown2.o)
    0x080002be   0x080002be   0x00000000   Code   RO          805    .ARM.Collect$$libshutdown$$0000000F  c_w.l(libshutdown2.o)
    0x080002be   0x080002be   0x00000002   Code   RO          806    .ARM.Collect$$libshutdown$$00000010  c_w.l(libshutdown2.o)
    0x080002c0   0x080002c0   0x00000000   Code   RO          518    .ARM.Collect$$rtentry$$00000000  c_w.l(__rtentry.o)
    0x080002c0   0x080002c0   0x00000000   Code   RO          621    .ARM.Collect$$rtentry$$00000002  c_w.l(__rtentry2.o)
    0x080002c0   0x080002c0   0x00000006   Code   RO          633    .ARM.Collect$$rtentry$$00000004  c_w.l(__rtentry4.o)
    0x080002c6   0x080002c6   0x00000000   Code   RO          623    .ARM.Collect$$rtentry$$00000009  c_w.l(__rtentry2.o)
    0x080002c6   0x080002c6   0x00000004   Code   RO          624    .ARM.Collect$$rtentry$$0000000A  c_w.l(__rtentry2.o)
    0x080002ca   0x080002ca   0x00000000   Code   RO          626    .ARM.Collect$$rtentry$$0000000C  c_w.l(__rtentry2.o)
    0x080002ca   0x080002ca   0x00000008   Code   RO          627    .ARM.Collect$$rtentry$$0000000D  c_w.l(__rtentry2.o)
    0x080002d2   0x080002d2   0x00000002   Code   RO          708    .ARM.Collect$$rtexit$$00000000  c_w.l(rtexit.o)
    0x080002d4   0x080002d4   0x00000000   Code   RO          761    .ARM.Collect$$rtexit$$00000002  c_w.l(rtexit2.o)
    0x080002d4   0x080002d4   0x00000004   Code   RO          762    .ARM.Collect$$rtexit$$00000003  c_w.l(rtexit2.o)
    0x080002d8   0x080002d8   0x00000006   Code   RO          763    .ARM.Collect$$rtexit$$00000004  c_w.l(rtexit2.o)
    0x080002de   0x080002de   0x00000002   PAD
    0x080002e0   0x080002e0   0x00000040   Code   RO          170    .text               startup_stm32f303xe.o
    0x08000320   0x08000320   0x00000034   Code   RO          512    .text               c_w.l(vsnprintf.o)
    0x08000354   0x08000354   0x00000006   Code   RO          514    .text               c_w.l(heapauxi.o)
    0x0800035a   0x0800035a   0x0000004e   Code   RO          521    .text               c_w.l(_printf_pad.o)
    0x080003a8   0x080003a8   0x00000024   Code   RO          523    .text               c_w.l(_printf_truncate.o)
    0x080003cc   0x080003cc   0x00000052   Code   RO          525    .text               c_w.l(_printf_str.o)
    0x0800041e   0x0800041e   0x00000002   PAD
    0x08000420   0x08000420   0x00000078   Code   RO          527    .text               c_w.l(_printf_dec.o)
    0x08000498   0x08000498   0x00000028   Code   RO          529    .text               c_w.l(_printf_charcount.o)
    0x080004c0   0x080004c0   0x00000030   Code   RO          531    .text               c_w.l(_printf_char_common.o)
    0x080004f0   0x080004f0   0x0000000a   Code   RO          533    .text               c_w.l(_sputc.o)
    0x080004fa   0x080004fa   0x00000010   Code   RO          535    .text               c_w.l(_snputc.o)
    0x0800050a   0x0800050a   0x00000002   PAD
    0x0800050c   0x0800050c   0x000000bc   Code   RO          537    .text               c_w.l(_printf_wctomb.o)
    0x080005c8   0x080005c8   0x0000007c   Code   RO          540    .text               c_w.l(_printf_longlong_dec.o)
    0x08000644   0x08000644   0x00000070   Code   RO          546    .text               c_w.l(_printf_oct_int_ll.o)
    0x080006b4   0x080006b4   0x00000094   Code   RO          566    .text               c_w.l(_printf_hex_int_ll_ptr.o)
    0x08000748   0x08000748   0x00000188   Code   RO          586    .text               c_w.l(__printf_flags_ss_wp.o)
    0x080008d0   0x080008d0   0x0000008a   Code   RO          635    .text               c_w.l(lludiv10.o)
    0x0800095a   0x0800095a   0x000000b2   Code   RO          637    .text               c_w.l(_printf_intcommon.o)
    0x08000a0c   0x08000a0c   0x0000041e   Code   RO          639    .text               c_w.l(_printf_fp_dec.o)
    0x08000e2a   0x08000e2a   0x00000002   PAD
    0x08000e2c   0x08000e2c   0x000002fc   Code   RO          641    .text               c_w.l(_printf_fp_hex.o)
    0x08001128   0x08001128   0x0000002c   Code   RO          646    .text               c_w.l(_printf_char.o)
    0x08001154   0x08001154   0x0000002c   Code   RO          648    .text               c_w.l(_printf_wchar.o)
    0x08001180   0x08001180   0x00000040   Code   RO          651    .text               c_w.l(_wcrtomb.o)
    0x080011c0   0x080011c0   0x0000004a   Code   RO          653    .text               c_w.l(sys_stackheap_outer.o)
    0x0800120a   0x0800120a   0x00000002   PAD
    0x0800120c   0x0800120c   0x00000010   Code   RO          655    .text               c_w.l(rt_ctype_table.o)
    0x0800121c   0x0800121c   0x00000008   Code   RO          660    .text               c_w.l(rt_locale_intlibspace.o)
    0x08001224   0x08001224   0x00000080   Code   RO          662    .text               c_w.l(_printf_fp_infnan.o)
    0x080012a4   0x080012a4   0x000000e4   Code   RO          664    .text               c_w.l(bigflt0.o)
    0x08001388   0x08001388   0x00000012   Code   RO          692    .text               c_w.l(exit.o)
    0x0800139a   0x0800139a   0x00000002   PAD
    0x0800139c   0x0800139c   0x00000008   Code   RO          705    .text               c_w.l(libspace.o)
    0x080013a4   0x080013a4   0x00000080   Code   RO          713    .text               c_w.l(strcmpv7m.o)
    0x08001424   0x08001424   0x0000000c   Code   RO          771    .text               c_w.l(sys_exit.o)
    0x08001430   0x08001430   0x00000002   Code   RO          782    .text               c_w.l(use_no_semi.o)
    0x08001432   0x08001432   0x00000000   Code   RO          784    .text               c_w.l(indicate_semi.o)
    0x08001432   0x08001432   0x0000003e   Code   RO          667    CL$$btod_d2e        c_w.l(btod.o)
    0x08001470   0x08001470   0x00000046   Code   RO          669    CL$$btod_d2e_denorm_low  c_w.l(btod.o)
    0x080014b6   0x080014b6   0x00000060   Code   RO          668    CL$$btod_d2e_norm_op1  c_w.l(btod.o)
    0x08001516   0x08001516   0x00000338   Code   RO          677    CL$$btod_div_common  c_w.l(btod.o)
    0x0800184e   0x0800184e   0x000000dc   Code   RO          674    CL$$btod_e2e        c_w.l(btod.o)
    0x0800192a   0x0800192a   0x0000002a   Code   RO          671    CL$$btod_ediv       c_w.l(btod.o)
    0x08001954   0x08001954   0x0000002a   Code   RO          670    CL$$btod_emul       c_w.l(btod.o)
    0x0800197e   0x0800197e   0x00000244   Code   RO          676    CL$$btod_mult_common  c_w.l(btod.o)
    0x08001bc2   0x08001bc2   0x00000002   PAD
    0x08001bc4   0x08001bc4   0x00000050   Code   RO            4    i.Delay_ms          gpio.o
    0x08001c14   0x08001c14   0x00000064   Code   RO          436    i.EXTI9_5_IRQHandler  limit.o
    0x08001c78   0x08001c78   0x00000014   Code   RO            5    i.GPIO_clock_enable  gpio.o
    0x08001c8c   0x08001c8c   0x00000074   Code   RO          344    i.Heartbeat_Init    heartbeat.o
    0x08001d00   0x08001d00   0x00000044   Code   RO           72    i.LED_Init          led.o
    0x08001d44   0x08001d44   0x00000012   Code   RO           75    i.LED_Toggle        led.o
    0x08001d56   0x08001d56   0x00000002   PAD
    0x08001d58   0x08001d58   0x000000a4   Code   RO          304    i.SystemCoreClockUpdate  system_stm32f3xx.o
    0x08001dfc   0x08001dfc   0x0000007c   Code   RO          305    i.SystemInit        system_stm32f3xx.o
    0x08001e78   0x08001e78   0x000000ec   Code   RO          177    i.System_Clock_Init  sysclock.o
    0x08001f64   0x08001f64   0x00000054   Code   RO          345    i.TIM2_IRQHandler   heartbeat.o
    0x08001fb8   0x08001fb8   0x000000ac   Code   RO          384    i.TIM3_IRQHandler   stepper.o
    0x08002064   0x08002064   0x00000054   Code   RO          235    i.USART2_IRQHandler  virtualport.o
    0x080020b8   0x080020b8   0x00000030   Code   RO          703    i.__ARM_fpclassify  m_wm.l(fpclassify.o)
    0x080020e8   0x080020e8   0x0000000e   Code   RO          579    i._is_digit         c_w.l(__printf_wp.o)
    0x080020f6   0x080020f6   0x00000002   PAD
    0x080020f8   0x080020f8   0x00000024   Code   RO          236    i.clearInput        virtualport.o
    0x0800211c   0x0800211c   0x0000000c   Code   RO          469    i.getServoPos       servo.o
    0x08002128   0x08002128   0x0000001c   Code   RO          385    i.getStep           stepper.o
    0x08002144   0x08002144   0x00000118   Code   RO          437    i.limit_Init        limit.o
    0x0800225c   0x0800225c   0x000001fc   Code   RO          117    i.main              main.o
    0x08002458   0x08002458   0x00000028   Code   RO          470    i.servoSet          servo.o
    0x08002480   0x08002480   0x00000058   Code   RO          471    i.servo_Init        servo.o
    0x080024d8   0x080024d8   0x00000098   Code   RO          472    i.servo_clock_Init  servo.o
    0x08002570   0x08002570   0x0000019c   Code   RO          386    i.stepHome          stepper.o
    0x0800270c   0x0800270c   0x00000080   Code   RO          387    i.step_clock_Init   stepper.o
    0x0800278c   0x0800278c   0x000000cc   Code   RO          388    i.stepper_Init      stepper.o
    0x08002858   0x08002858   0x000000c4   Code   RO          201    i.usartInit         usart.o
    0x0800291c   0x0800291c   0x000000b8   Code   RO          237    i.virtualPortInit   virtualport.o
    0x080029d4   0x080029d4   0x00000164   Code   RO          238    i.vportMenuPrint    virtualport.o
    0x08002b38   0x08002b38   0x00000026   Code   RO          239    i.vportPrintf       virtualport.o
    0x08002b5e   0x08002b5e   0x00000002   PAD
    0x08002b60   0x08002b60   0x0000001c   Code   RO          240    i.vportPutc         virtualport.o
    0x08002b7c   0x08002b7c   0x00000016   Code   RO          241    i.vportPuts         virtualport.o
    0x08002b92   0x08002b92   0x00000002   PAD
    0x08002b94   0x08002b94   0x0000002c   Code   RO          690    locale$$code        c_w.l(lc_numeric_c.o)
    0x08002bc0   0x08002bc0   0x0000002c   Code   RO          711    locale$$code        c_w.l(lc_ctype_c.o)
    0x08002bec   0x08002bec   0x0000000a   Code   RO          769    x$fpl$fpinit        fz_wm.l(fpinit.o)
    0x08002bf6   0x08002bf6   0x00000004   Code   RO          612    x$fpl$printf1       fz_wm.l(printf1.o)
    0x08002bfa   0x08002bfa   0x00000004   Code   RO          614    x$fpl$printf2       fz_wm.l(printf2.o)
    0x08002bfe   0x08002bfe   0x00000000   Code   RO          702    x$fpl$usenofp       fz_wm.l(usenofp.o)
    0x08002bfe   0x08002bfe   0x00000018   Data   RO          306    .constdata          system_stm32f3xx.o
    0x08002c16   0x08002c16   0x00000008   Data   RO          389    .constdata          stepper.o
    0x08002c1e   0x08002c1e   0x00000002   PAD
    0x08002c20   0x08002c20   0x00000008   Data   RO          538    .constdata          c_w.l(_printf_wctomb.o)
    0x08002c28   0x08002c28   0x00000028   Data   RO          567    .constdata          c_w.l(_printf_hex_int_ll_ptr.o)
    0x08002c50   0x08002c50   0x00000011   Data   RO          587    .constdata          c_w.l(__printf_flags_ss_wp.o)
    0x08002c61   0x08002c61   0x00000026   Data   RO          642    .constdata          c_w.l(_printf_fp_hex.o)
    0x08002c87   0x08002c87   0x00000001   PAD
    0x08002c88   0x08002c88   0x00000094   Data   RO          665    .constdata          c_w.l(bigflt0.o)
    0x08002d1c   0x08002d1c   0x00000020   Data   RO          837    Region$$Table       anon$$obj.o
    0x08002d3c   0x08002d3c   0x0000001c   Data   RO          689    locale$$data        c_w.l(lc_numeric_c.o)
    0x08002d58   0x08002d58   0x00000110   Data   RO          710    locale$$data        c_w.l(lc_ctype_c.o)


    Execution Region RW_IRAM1 (Exec base: 0x20000000, Load base: 0x08002e68, Size: 0x000006b8, Max: 0x00010000, ABSOLUTE)

    Exec Addr    Load Addr    Size         Type   Attr      Idx    E Section Name        Object

    0x20000000   0x08002e68   0x00000005   Data   RW          243    .data               virtualport.o
    0x20000005   0x08002e6d   0x00000003   PAD
    0x20000008   0x08002e70   0x00000004   Data   RW          307    .data               system_stm32f3xx.o
    0x2000000c   0x08002e74   0x00000002   Data   RW          346    .data               heartbeat.o
    0x2000000e   0x08002e76   0x00000002   PAD
    0x20000010   0x08002e78   0x00000010   Data   RW          390    .data               stepper.o
    0x20000020   0x08002e88   0x00000004   Data   RW          438    .data               limit.o
    0x20000024   0x08002e8c   0x00000008   Data   RW          473    .data               servo.o
    0x2000002c        -       0x00000028   Zero   RW          242    .bss                virtualport.o
    0x20000054        -       0x00000060   Zero   RW          706    .bss                c_w.l(libspace.o)
    0x200000b4   0x08002e94   0x00000004   PAD
    0x200000b8        -       0x00000200   Zero   RW          168    HEAP                startup_stm32f303xe.o
    0x200002b8        -       0x00000400   Zero   RW          167    STACK               startup_stm32f303xe.o


==============================================================================

Image component sizes


      Code (inc. data)   RO Data    RW Data    ZI Data      Debug   Object Name

       100         10          0          0          0     537107   gpio.o
       200         24          0          2          0      31833   heartbeat.o
        86          4          0          0          0        952   led.o
       380         42          0          4          0       2095   limit.o
       508        160          0          0          0        867   main.o
       292         38          0          8          0       2628   servo.o
        64         26        404          0       1536        864   startup_stm32f303xe.o
       944         96          8         16          0       3843   stepper.o
       236         10          0          0          0        584   sysclock.o
       288         38         24          4          0       2099   system_stm32f3xx.o
       196         18          0          0          0      31175   usart.o
       748        324          0          5         40       5102   virtualport.o

    ----------------------------------------------------------------------
      4048        790        470         44       1576     619149   Object Totals
         0          0         32          0          0          0   (incl. Generated)
         6          0          2          5          0          0   (incl. Padding)

    ----------------------------------------------------------------------

      Code (inc. data)   RO Data    RW Data    ZI Data      Debug   Library Member Name

         8          0          0          0          0         68   __main.o
       392          4         17          0          0         92   __printf_flags_ss_wp.o
        14          0          0          0          0         68   __printf_wp.o
         0          0          0          0          0          0   __rtentry.o
        12          0          0          0          0          0   __rtentry2.o
         6          0          0          0          0          0   __rtentry4.o
        52          8          0          0          0          0   __scatter.o
        26          0          0          0          0          0   __scatter_copy.o
        28          0          0          0          0          0   __scatter_zi.o
         6          0          0          0          0          0   _printf_a.o
         6          0          0          0          0          0   _printf_c.o
        44          0          0          0          0        108   _printf_char.o
        48          6          0          0          0         96   _printf_char_common.o
        40          0          0          0          0         68   _printf_charcount.o
         6          0          0          0          0          0   _printf_d.o
       120         16          0          0          0         92   _printf_dec.o
         6          0          0          0          0          0   _printf_e.o
         6          0          0          0          0          0   _printf_f.o
      1054          0          0          0          0        216   _printf_fp_dec.o
       764          8         38          0          0        100   _printf_fp_hex.o
       128         16          0          0          0         84   _printf_fp_infnan.o
         6          0          0          0          0          0   _printf_g.o
       148          4         40          0          0        160   _printf_hex_int_ll_ptr.o
         6          0          0          0          0          0   _printf_i.o
       178          0          0          0          0         88   _printf_intcommon.o
        10          0          0          0          0          0   _printf_l.o
         6          0          0          0          0          0   _printf_lc.o
        10          0          0          0          0          0   _printf_ll.o
         6          0          0          0          0          0   _printf_lld.o
         6          0          0          0          0          0   _printf_lli.o
         6          0          0          0          0          0   _printf_llo.o
         6          0          0          0          0          0   _printf_llu.o
         6          0          0          0          0          0   _printf_llx.o
       124         16          0          0          0         92   _printf_longlong_dec.o
         6          0          0          0          0          0   _printf_ls.o
         6          0          0          0          0          0   _printf_n.o
         6          0          0          0          0          0   _printf_o.o
       112         10          0          0          0        124   _printf_oct_int_ll.o
         6          0          0          0          0          0   _printf_p.o
        78          0          0          0          0        108   _printf_pad.o
         0          0          0          0          0          0   _printf_percent.o
         4          0          0          0          0          0   _printf_percent_end.o
         6          0          0          0          0          0   _printf_s.o
        82          0          0          0          0         80   _printf_str.o
        36          0          0          0          0         84   _printf_truncate.o
         6          0          0          0          0          0   _printf_u.o
        44          0          0          0          0        108   _printf_wchar.o
       188          6          8          0          0         92   _printf_wctomb.o
         6          0          0          0          0          0   _printf_x.o
        16          0          0          0          0         68   _snputc.o
        10          0          0          0          0         68   _sputc.o
        64          0          0          0          0         92   _wcrtomb.o
       228          4        148          0          0         96   bigflt0.o
      1936        128          0          0          0        672   btod.o
        18          0          0          0          0         80   exit.o
         6          0          0          0          0        152   heapauxi.o
         0          0          0          0          0          0   indicate_semi.o
        44         10        272          0          0         76   lc_ctype_c.o
        44         10         28          0          0         76   lc_numeric_c.o
         2          0          0          0          0          0   libinit.o
        34          0          0          0          0          0   libinit2.o
         2          0          0          0          0          0   libshutdown.o
         2          0          0          0          0          0   libshutdown2.o
         8          4          0          0         96         68   libspace.o
       138          0          0          0          0         80   lludiv10.o
        16          4          0          0          0         76   rt_ctype_table.o
         8          4          0          0          0         68   rt_locale_intlibspace.o
         2          0          0          0          0          0   rtexit.o
        10          0          0          0          0          0   rtexit2.o
       128          0          0          0          0         68   strcmpv7m.o
        12          4          0          0          0         68   sys_exit.o
        74          0          0          0          0         80   sys_stackheap_outer.o
         2          0          0          0          0         68   use_no_semi.o
        52          4          0          0          0         80   vsnprintf.o
        10          0          0          0          0        116   fpinit.o
         4          0          0          0          0        116   printf1.o
         4          0          0          0          0        116   printf2.o
         0          0          0          0          0          0   usenofp.o
        48          0          0          0          0        124   fpclassify.o

    ----------------------------------------------------------------------
      6810        266        552          0        100       4436   Library Totals
        18          0          1          0          4          0   (incl. Padding)

    ----------------------------------------------------------------------

      Code (inc. data)   RO Data    RW Data    ZI Data      Debug   Library Name

      6726        266        551          0         96       3964   c_w.l
        18          0          0          0          0        348   fz_wm.l
        48          0          0          0          0        124   m_wm.l

    ----------------------------------------------------------------------
      6810        266        552          0        100       4436   Library Totals

    ----------------------------------------------------------------------

==============================================================================


      Code (inc. data)   RO Data    RW Data    ZI Data      Debug   

     10858       1056       1022         44       1676     618853   Grand Totals
     10858       1056       1022         44       1676     618853   ELF Image Totals
     10858       1056       1022         44          0          0   ROM Totals

==============================================================================

    Total RO  Size (Code + RO Data)                11880 (  11.60kB)
    Total RW  Size (RW Data + ZI Data)              1720 (   1.68kB)
    Total ROM Size (Code + RO Data + RW Data)      11924 (  11.64kB)

==============================================================================

